Archive member included to satisfy reference by file (symbol)

../libopencm3/lib/libopencm3_stm32f4.a(gpio_common_all.o)
                              src/firmware.o (gpio_toggle)
../libopencm3/lib/libopencm3_stm32f4.a(gpio_common_f0234.o)
                              ../shared/src/core/system.o (gpio_mode_setup)
../libopencm3/lib/libopencm3_stm32f4.a(rcc_common_all.o)
                              src/timer.o (rcc_periph_clock_enable)
../libopencm3/lib/libopencm3_stm32f4.a(rcc.o)
                              ../shared/src/core/system.o (rcc_clock_setup_pll)
../libopencm3/lib/libopencm3_stm32f4.a(timer_common_all.o)
                              src/timer.o (timer_set_mode)
../libopencm3/lib/libopencm3_stm32f4.a(usart_common_all.o)
                              ../shared/src/core/uart.o (usart_set_baudrate)
../libopencm3/lib/libopencm3_stm32f4.a(usart_common_f124.o)
                              ../libopencm3/lib/libopencm3_stm32f4.a(usart_common_all.o) (usart_send)
../libopencm3/lib/libopencm3_stm32f4.a(vector.o)
                              (reset_handler)
../libopencm3/lib/libopencm3_stm32f4.a(systick.o)
                              ../shared/src/core/system.o (systick_set_frequency)
../libopencm3/lib/libopencm3_stm32f4.a(nvic.o)
                              ../shared/src/core/uart.o (nvic_enable_irq)
../libopencm3/lib/libopencm3_stm32f4.a(flash_common_all.o)
                              ../libopencm3/lib/libopencm3_stm32f4.a(rcc.o) (flash_set_ws)
../libopencm3/lib/libopencm3_stm32f4.a(flash_common_idcache.o)
                              ../libopencm3/lib/libopencm3_stm32f4.a(rcc.o) (flash_dcache_enable)
../libopencm3/lib/libopencm3_stm32f4.a(pwr.o)
                              ../libopencm3/lib/libopencm3_stm32f4.a(rcc.o) (pwr_set_vos_scale)

Discarded input sections

 .group         0x00000000        0xc src/firmware.o
 .group         0x00000000        0xc src/firmware.o
 .group         0x00000000        0xc src/firmware.o
 .group         0x00000000        0xc src/firmware.o
 .group         0x00000000        0xc src/firmware.o
 .group         0x00000000        0xc src/firmware.o
 .group         0x00000000        0xc src/firmware.o
 .group         0x00000000        0xc src/firmware.o
 .group         0x00000000        0xc src/firmware.o
 .group         0x00000000        0xc src/firmware.o
 .group         0x00000000        0xc src/firmware.o
 .group         0x00000000        0xc src/firmware.o
 .group         0x00000000        0xc src/firmware.o
 .group         0x00000000        0xc src/firmware.o
 .group         0x00000000        0xc src/firmware.o
 .group         0x00000000        0xc src/firmware.o
 .group         0x00000000        0xc src/firmware.o
 .group         0x00000000        0xc src/firmware.o
 .group         0x00000000        0xc src/firmware.o
 .group         0x00000000        0xc src/firmware.o
 .text          0x00000000        0x0 src/firmware.o
 .data          0x00000000        0x0 src/firmware.o
 .bss           0x00000000        0x0 src/firmware.o
 .group         0x00000000        0xc src/timer.o
 .group         0x00000000        0xc src/timer.o
 .group         0x00000000        0xc src/timer.o
 .group         0x00000000        0xc src/timer.o
 .group         0x00000000        0xc src/timer.o
 .group         0x00000000        0xc src/timer.o
 .group         0x00000000        0xc src/timer.o
 .group         0x00000000        0xc src/timer.o
 .group         0x00000000        0xc src/timer.o
 .group         0x00000000        0xc src/timer.o
 .group         0x00000000        0xc src/timer.o
 .group         0x00000000        0xc src/timer.o
 .group         0x00000000        0xc src/timer.o
 .group         0x00000000        0xc src/timer.o
 .group         0x00000000        0xc src/timer.o
 .group         0x00000000        0xc src/timer.o
 .group         0x00000000        0xc src/timer.o
 .text          0x00000000        0x0 src/timer.o
 .data          0x00000000        0x0 src/timer.o
 .bss           0x00000000        0x0 src/timer.o
 .debug_macro   0x00000000      0xacc src/timer.o
 .debug_macro   0x00000000       0x1c src/timer.o
 .debug_macro   0x00000000       0x22 src/timer.o
 .debug_macro   0x00000000       0x56 src/timer.o
 .debug_macro   0x00000000       0x51 src/timer.o
 .debug_macro   0x00000000      0x103 src/timer.o
 .debug_macro   0x00000000       0x6a src/timer.o
 .debug_macro   0x00000000      0x1df src/timer.o
 .debug_macro   0x00000000       0x22 src/timer.o
 .debug_macro   0x00000000       0xe8 src/timer.o
 .debug_macro   0x00000000       0x76 src/timer.o
 .text          0x00000000        0x0 src/bootloader.o
 .data          0x00000000        0x0 src/bootloader.o
 .bss           0x00000000        0x0 src/bootloader.o
 .ARM.attributes
                0x00000000       0x20 src/bootloader.o
 .group         0x00000000        0xc ../shared/src/core/system.o
 .group         0x00000000        0xc ../shared/src/core/system.o
[...]
Memory Configuration

Name             Origin             Length             Attributes
rom              0x08000000         0x00080000         xr
ram              0x20000000         0x00018000         xrw
*default*        0x00000000         0xffffffff

Linker script and memory map

LOAD src/firmware.o
LOAD src/timer.o
LOAD src/bootloader.o
LOAD ../shared/src/core/system.o
LOAD ../shared/src/core/uart.o
LOAD ../libopencm3/lib/libopencm3_stm32f4.a
START GROUP
LOAD /Applications/ArmGNUToolchain/13.3.rel1/arm-none-eabi/bin/../lib/gcc/arm-none-eabi/13.3.1/../../../../arm-none-eabi/lib/thumb/v7e-m+fp/hard/libc.a
LOAD /Applications/ArmGNUToolchain/13.3.rel1/arm-none-eabi/bin/../lib/gcc/arm-none-eabi/13.3.1/thumb/v7e-m+fp/hard/libgcc.a
LOAD /Applications/ArmGNUToolchain/13.3.rel1/arm-none-eabi/bin/../lib/gcc/arm-none-eabi/13.3.1/../../../../arm-none-eabi/lib/thumb/v7e-m+fp/hard/libnosys.a
END GROUP
START GROUP
LOAD /Applications/ArmGNUToolchain/13.3.rel1/arm-none-eabi/bin/../lib/gcc/arm-none-eabi/13.3.1/thumb/v7e-m+fp/hard/libgcc.a
LOAD /Applications/ArmGNUToolchain/13.3.rel1/arm-none-eabi/bin/../lib/gcc/arm-none-eabi/13.3.1/../../../../arm-none-eabi/lib/thumb/v7e-m+fp/hard/libg.a
LOAD /Applications/ArmGNUToolchain/13.3.rel1/arm-none-eabi/bin/../lib/gcc/arm-none-eabi/13.3.1/../../../../arm-none-eabi/lib/thumb/v7e-m+fp/hard/libc.a
END GROUP

.text           0x08000000     0x8d24
 *(.bootloader_section)
 .bootloader_section
                0x08000000     0x8000 src/bootloader.o
 *(.vectors)
 .vectors       0x08008000      0x1ac ../libopencm3/lib/libopencm3_stm32f4.a(vector.o)
                0x08008000                vector_table
                0x080081b0                        . = ALIGN (0x10)
 *fill*         0x080081ac        0x4 
 *(.firmware_info)
 *(.firmware_signature)
 *(.text*)
 .text.startup.main
                0x080081b0       0xc0 src/firmware.o
                0x080081b0                main
 .text.timer_setup
                0x08008270       0x50 src/timer.o
                0x08008270                timer_setup
 .text.timer_pwm_set_duty_cycle
                0x080082c0       0x2c src/timer.o
                0x080082c0                timer_pwm_set_duty_cycle
 .text.sys_tick_handler
                0x080082ec       0x18 ../shared/src/core/system.o
                0x080082ec                sys_tick_handler
 .text.system_get_ticks
                0x08008304        0xc ../shared/src/core/system.o
                0x08008304                system_get_ticks
 .text.system_setup
                0x08008310       0x80 ../shared/src/core/system.o
                0x08008310                system_setup
 .text.usart1_isr
                0x08008390       0x38 ../shared/src/core/uart.o
                0x08008390                usart1_isr
 .text.uart_setup
                0x080083c8       0x58 ../shared/src/core/uart.o
                0x080083c8                uart_setup
 .text.uart_write_byte
                0x08008420        0xc ../shared/src/core/uart.o
                0x08008420                uart_write_byte
 .text.uart_read_byte
                0x0800842c       0x14 ../shared/src/core/uart.o
                0x0800842c                uart_read_byte
 .text.uart_data_available
                0x08008440        0xc ../shared/src/core/uart.o
                0x08008440                uart_data_available
 .text.gpio_toggle
                0x0800844c       0x12 ../libopencm3/lib/libopencm3_stm32f4.a(gpio_common_all.o)
                0x0800844c                gpio_toggle
 .text.gpio_mode_setup
                0x0800845e       0x40 ../libopencm3/lib/libopencm3_stm32f4.a(gpio_common_f0234.o)
                0x0800845e                gpio_mode_setup
 .text.gpio_set_af
                0x0800849e       0x58 ../libopencm3/lib/libopencm3_stm32f4.a(gpio_common_f0234.o)
                0x0800849e                gpio_set_af
 .text.rcc_periph_clock_enable
                0x080084f6       0x1a ../libopencm3/lib/libopencm3_stm32f4.a(rcc_common_all.o)
                0x080084f6                rcc_periph_clock_enable
 .text.rcc_is_osc_ready
                0x08008510       0x64 ../libopencm3/lib/libopencm3_stm32f4.a(rcc.o)
                0x08008510                rcc_is_osc_ready
 .text.rcc_wait_for_osc_ready
                0x08008574       0x10 ../libopencm3/lib/libopencm3_stm32f4.a(rcc.o)
                0x08008574                rcc_wait_for_osc_ready
 .text.rcc_osc_on
                0x08008584       0x74 ../libopencm3/lib/libopencm3_stm32f4.a(rcc.o)
                0x08008584                rcc_osc_on
 .text.rcc_osc_off
                0x080085f8       0x74 ../libopencm3/lib/libopencm3_stm32f4.a(rcc.o)
                0x080085f8                rcc_osc_off
 .text.rcc_set_sysclk_source
                0x0800866c       0x18 ../libopencm3/lib/libopencm3_stm32f4.a(rcc.o)
                0x0800866c                rcc_set_sysclk_source
 .text.rcc_set_ppre2
                0x08008684       0x18 ../libopencm3/lib/libopencm3_stm32f4.a(rcc.o)
                0x08008684                rcc_set_ppre2
 .text.rcc_set_ppre1
                0x0800869c       0x18 ../libopencm3/lib/libopencm3_stm32f4.a(rcc.o)
                0x0800869c                rcc_set_ppre1
 .text.rcc_set_hpre
                0x080086b4       0x18 ../libopencm3/lib/libopencm3_stm32f4.a(rcc.o)
                0x080086b4                rcc_set_hpre
 .text.rcc_set_main_pll_hsi
                0x080086cc       0x44 ../libopencm3/lib/libopencm3_stm32f4.a(rcc.o)
                0x080086cc                rcc_set_main_pll_hsi
 .text.rcc_set_main_pll_hse
                0x08008710       0x44 ../libopencm3/lib/libopencm3_stm32f4.a(rcc.o)
                0x08008710                rcc_set_main_pll_hse
 .text.rcc_clock_setup_pll
                0x08008754       0xe4 ../libopencm3/lib/libopencm3_stm32f4.a(rcc.o)
                0x08008754                rcc_clock_setup_pll
 .text.rcc_get_usart_clk_freq
                0x08008838       0x20 ../libopencm3/lib/libopencm3_stm32f4.a(rcc.o)
                0x08008838                rcc_get_usart_clk_freq
 .text.timer_set_mode
                0x08008858       0x12 ../libopencm3/lib/libopencm3_stm32f4.a(timer_common_all.o)
                0x08008858                timer_set_mode
 .text.timer_enable_counter
                0x0800886a        0xa ../libopencm3/lib/libopencm3_stm32f4.a(timer_common_all.o)
                0x0800886a                timer_enable_counter
 .text.timer_set_prescaler
                0x08008874        0x4 ../libopencm3/lib/libopencm3_stm32f4.a(timer_common_all.o)
                0x08008874                timer_set_prescaler
 .text.timer_set_period
                0x08008878        0x4 ../libopencm3/lib/libopencm3_stm32f4.a(timer_common_all.o)
                0x08008878                timer_set_period
 .text.timer_set_oc_mode
                0x0800887c      0x18c ../libopencm3/lib/libopencm3_stm32f4.a(timer_common_all.o)
                0x0800887c                timer_set_oc_mode
 .text.timer_enable_oc_output
                0x08008a08       0x4a ../libopencm3/lib/libopencm3_stm32f4.a(timer_common_all.o)
                0x08008a08                timer_enable_oc_output
 .text.timer_set_oc_value
                0x08008a52       0x20 ../libopencm3/lib/libopencm3_stm32f4.a(timer_common_all.o)
                0x08008a52                timer_set_oc_value
 .text.usart_set_baudrate
                0x08008a72       0x16 ../libopencm3/lib/libopencm3_stm32f4.a(usart_common_all.o)
                0x08008a72                usart_set_baudrate
 .text.usart_set_databits
                0x08008a88       0x12 ../libopencm3/lib/libopencm3_stm32f4.a(usart_common_all.o)
                0x08008a88                usart_set_databits
 .text.usart_set_stopbits
                0x08008a9a        0xc ../libopencm3/lib/libopencm3_stm32f4.a(usart_common_all.o)
                0x08008a9a                usart_set_stopbits
 .text.usart_set_parity
                0x08008aa6        0xc ../libopencm3/lib/libopencm3_stm32f4.a(usart_common_all.o)
                0x08008aa6                usart_set_parity
 .text.usart_set_mode
                0x08008ab2        0xc ../libopencm3/lib/libopencm3_stm32f4.a(usart_common_all.o)
                0x08008ab2                usart_set_mode
 .text.usart_set_flow_control
                0x08008abe        0xc ../libopencm3/lib/libopencm3_stm32f4.a(usart_common_all.o)
                0x08008abe                usart_set_flow_control
 .text.usart_enable
                0x08008aca        0xa ../libopencm3/lib/libopencm3_stm32f4.a(usart_common_all.o)
                0x08008aca                usart_enable
 .text.usart_send_blocking
                0x08008ad4       0x16 ../libopencm3/lib/libopencm3_stm32f4.a(usart_common_all.o)
                0x08008ad4                usart_send_blocking
 .text.usart_enable_rx_interrupt
                0x08008aea        0xa ../libopencm3/lib/libopencm3_stm32f4.a(usart_common_all.o)
                0x08008aea                usart_enable_rx_interrupt
 .text.usart_send
                0x08008af4        0x8 ../libopencm3/lib/libopencm3_stm32f4.a(usart_common_f124.o)
                0x08008af4                usart_send
 .text.usart_recv
                0x08008afc        0x8 ../libopencm3/lib/libopencm3_stm32f4.a(usart_common_f124.o)
                0x08008afc                usart_recv
 .text.usart_wait_send_ready
                0x08008b04        0x8 ../libopencm3/lib/libopencm3_stm32f4.a(usart_common_f124.o)
                0x08008b04                usart_wait_send_ready
 .text.usart_get_flag
                0x08008b0c        0xc ../libopencm3/lib/libopencm3_stm32f4.a(usart_common_f124.o)
                0x08008b0c                usart_get_flag
 .text.blocking_handler
                0x08008b18        0x2 ../libopencm3/lib/libopencm3_stm32f4.a(vector.o)
                0x08008b18                exti0_isr
                0x08008b18                tim8_brk_tim12_isr
                0x08008b18                dma1_stream7_isr
                0x08008b18                usart3_isr
                0x08008b18                tim7_isr
                0x08008b18                dma2d_isr
                0x08008b18                uart8_isr
                0x08008b18                dma1_stream2_isr
                0x08008b18                otg_hs_isr
                0x08008b18                blocking_handler
                0x08008b18                tim5_isr
                0x08008b18                rtc_wkup_isr
                0x08008b18                otg_fs_isr
                0x08008b18                spi1_isr
                0x08008b18                i2c3_er_isr
                0x08008b18                exti2_isr
                0x08008b18                spi5_isr
                0x08008b18                usb_fs_wkup_isr
                0x08008b18                tamp_stamp_isr
                0x08008b18                can1_rx1_isr
                0x08008b18                dma2_stream0_isr
                0x08008b18                i2c3_ev_isr
                0x08008b18                usage_fault_handler
                0x08008b18                can2_rx0_isr
                0x08008b18                dma1_stream6_isr
                0x08008b18                can2_rx1_isr
                0x08008b18                can1_sce_isr
                0x08008b18                tim1_cc_isr
                0x08008b18                can1_tx_isr
                0x08008b18                tim1_up_tim10_isr
                0x08008b18                sdio_isr
                0x08008b18                eth_isr
                0x08008b18                spi6_isr
                0x08008b18                dma2_stream5_isr
                0x08008b18                pvd_isr
                0x08008b18                can1_rx0_isr
                0x08008b18                rcc_isr
                0x08008b18                dma2_stream3_isr
                0x08008b18                flash_isr
                0x08008b18                uart4_isr
                0x08008b18                lcd_tft_isr
                0x08008b18                rtc_alarm_isr
                0x08008b18                exti15_10_isr
                0x08008b18                hash_rng_isr
                0x08008b18                tim1_trg_com_tim11_isr
                0x08008b18                hard_fault_handler
                0x08008b18                exti1_isr
                0x08008b18                i2c1_ev_isr
                0x08008b18                usart6_isr
                0x08008b18                spi2_isr
                0x08008b18                cryp_isr
                0x08008b18                nvic_wwdg_isr
                0x08008b18                dma1_stream1_isr
                0x08008b18                dma2_stream4_isr
                0x08008b18                exti3_isr
                0x08008b18                tim3_isr
                0x08008b18                usart2_isr
                0x08008b18                sai1_isr
                0x08008b18                fpu_isr
                0x08008b18                dma1_stream4_isr
                0x08008b18                i2c2_er_isr
                0x08008b18                i2c2_ev_isr
                0x08008b18                uart5_isr
                0x08008b18                dma2_stream6_isr
                0x08008b18                spi4_isr
                0x08008b18                adc_isr
                0x08008b18                dma2_stream7_isr
                0x08008b18                tim8_up_tim13_isr
                0x08008b18                fsmc_isr
                0x08008b18                exti4_isr
                0x08008b18                tim6_dac_isr
                0x08008b18                dma1_stream3_isr
                0x08008b18                tim8_trg_com_tim14_isr
                0x08008b18                mem_manage_handler
                0x08008b18                lcd_tft_err_isr
                0x08008b18                can2_tx_isr
                0x08008b18                exti9_5_isr
                0x08008b18                tim1_brk_tim9_isr
                0x08008b18                uart7_isr
                0x08008b18                can2_sce_isr
                0x08008b18                tim4_isr
                0x08008b18                otg_hs_wkup_isr
                0x08008b18                i2c1_er_isr
                0x08008b18                dma1_stream0_isr
                0x08008b18                tim8_cc_isr
                0x08008b18                dcmi_isr
                0x08008b18                dma2_stream2_isr
                0x08008b18                eth_wkup_isr
                0x08008b18                bus_fault_handler
                0x08008b18                otg_hs_ep1_out_isr
                0x08008b18                spi3_isr
                0x08008b18                dma1_stream5_isr
                0x08008b18                otg_hs_ep1_in_isr
                0x08008b18                tim2_isr
                0x08008b18                dma2_stream1_isr
 .text.null_handler
                0x08008b1a        0x2 ../libopencm3/lib/libopencm3_stm32f4.a(vector.o)
                0x08008b1a                null_handler
                0x08008b1a                sv_call_handler
                0x08008b1a                pend_sv_handler
                0x08008b1a                debug_monitor_handler
                0x08008b1a                nmi_handler
 .text.reset_handler
                0x08008b1c       0xa0 ../libopencm3/lib/libopencm3_stm32f4.a(vector.o)
                0x08008b1c                reset_handler
 .text.systick_set_clocksource
                0x08008bbc       0x14 ../libopencm3/lib/libopencm3_stm32f4.a(systick.o)
                0x08008bbc                systick_set_clocksource
 .text.systick_set_frequency
                0x08008bd0       0x38 ../libopencm3/lib/libopencm3_stm32f4.a(systick.o)
                0x08008bd0                systick_set_frequency
 .text.systick_interrupt_enable
                0x08008c08        0xe ../libopencm3/lib/libopencm3_stm32f4.a(systick.o)
                0x08008c08                systick_interrupt_enable
 .text.systick_counter_enable
                0x08008c16        0xe ../libopencm3/lib/libopencm3_stm32f4.a(systick.o)
                0x08008c16                systick_counter_enable
 .text.nvic_enable_irq
                0x08008c24       0x18 ../libopencm3/lib/libopencm3_stm32f4.a(nvic.o)
                0x08008c24                nvic_enable_irq
 .text.flash_set_ws
                0x08008c3c       0x18 ../libopencm3/lib/libopencm3_stm32f4.a(flash_common_all.o)
                0x08008c3c                flash_set_ws
 .text.flash_dcache_enable
                0x08008c54       0x14 ../libopencm3/lib/libopencm3_stm32f4.a(flash_common_idcache.o)
                0x08008c54                flash_dcache_enable
 .text.flash_dcache_disable
                0x08008c68       0x14 ../libopencm3/lib/libopencm3_stm32f4.a(flash_common_idcache.o)
                0x08008c68                flash_dcache_disable
 .text.flash_icache_enable
                0x08008c7c       0x14 ../libopencm3/lib/libopencm3_stm32f4.a(flash_common_idcache.o)
                0x08008c7c                flash_icache_enable
 .text.flash_icache_disable
                0x08008c90       0x14 ../libopencm3/lib/libopencm3_stm32f4.a(flash_common_idcache.o)
                0x08008c90                flash_icache_disable
 .text.pwr_set_vos_scale
                0x08008ca4       0x10 ../libopencm3/lib/libopencm3_stm32f4.a(pwr.o)
                0x08008ca4                pwr_set_vos_scale
                0x08008cb4                        . = ALIGN (0x4)
 *(.rodata*)
 .rodata.rcc_hsi_configs
                0x08008cb4       0x70 ../libopencm3/lib/libopencm3_stm32f4.a(rcc.o)
                0x08008cb4                rcc_hsi_configs
                0x08008d24                        . = ALIGN (0x4)

.glue_7         0x08008d24        0x0
 .glue_7        0x08008d24        0x0 linker stubs

.glue_7t        0x08008d24        0x0
 .glue_7t       0x08008d24        0x0 linker stubs

.vfp11_veneer   0x08008d24        0x0
 .vfp11_veneer  0x08008d24        0x0 linker stubs

.v4_bx          0x08008d24        0x0
 .v4_bx         0x08008d24        0x0 linker stubs

.iplt           0x08008d24        0x0
 .iplt          0x08008d24        0x0 src/firmware.o

.rel.dyn        0x08008d24        0x0
 .rel.iplt      0x08008d24        0x0 src/firmware.o

.preinit_array  0x08008d24        0x0
                0x08008d24                        . = ALIGN (0x4)
                0x08008d24                        __preinit_array_start = .
 *(.preinit_array)
                0x08008d24                        __preinit_array_end = .

.init_array     0x08008d24        0x0
                0x08008d24                        . = ALIGN (0x4)
                0x08008d24                        __init_array_start = .
 *(SORT_BY_NAME(.init_array.*))
 *(.init_array)
                0x08008d24                        __init_array_end = .

.fini_array     0x08008d24        0x0
                0x08008d24                        . = ALIGN (0x4)
                0x08008d24                        __fini_array_start = .
 *(.fini_array)
 *(SORT_BY_NAME(.fini_array.*))
                0x08008d24                        __fini_array_end = .

.ARM.extab
 *(.ARM.extab*)

.ARM.exidx      0x08008d24        0x0
                0x08008d24                        __exidx_start = .
 *(.ARM.exidx*)
                0x08008d24                        __exidx_end = .
                0x08008d24                        . = ALIGN (0x4)
                0x08008d24                        _etext = .

.noinit
 *(.noinit*)
                0x08008d24                        . = ALIGN (0x4)

.data           0x20000000        0xc load address 0x08008d24
                0x20000000                        _data = .
 *(.data*)
 .data.rcc_apb2_frequency
                0x20000000        0x4 ../libopencm3/lib/libopencm3_stm32f4.a(rcc.o)
                0x20000000                rcc_apb2_frequency
 .data.rcc_apb1_frequency
                0x20000004        0x4 ../libopencm3/lib/libopencm3_stm32f4.a(rcc.o)
                0x20000004                rcc_apb1_frequency
 .data.rcc_ahb_frequency
                0x20000008        0x4 ../libopencm3/lib/libopencm3_stm32f4.a(rcc.o)
                0x20000008                rcc_ahb_frequency
 *(.ramtext*)
                0x2000000c                        . = ALIGN (0x4)
                0x2000000c                        _edata = .
                0x08008d24                        _data_loadaddr = LOADADDR (.data)

.igot.plt       0x2000000c        0x0 load address 0x08008d30
 .igot.plt      0x2000000c        0x0 src/firmware.o

.bss            0x20000010        0xc load address 0x08008d30
 *(.bss*)
 .bss.ticks     0x20000010        0x8 ../shared/src/core/system.o
 .bss.data_available
                0x20000018        0x1 ../shared/src/core/uart.o
 .bss.data_buffer
                0x20000019        0x1 ../shared/src/core/uart.o
 *(COMMON)
                0x2000001c                        . = ALIGN (0x4)
 *fill*         0x2000001a        0x2 
                0x2000001c                        _ebss = .

/DISCARD/
 *(.eh_frame)
                0x2000001c                        . = ALIGN (0x4)
                0x2000001c                        end = .
                0x20018000                        PROVIDE (_stack = (ORIGIN (ram) + LENGTH (ram)))
OUTPUT(firmware.elf elf32-littlearm)
LOAD linker stubs

.debug_info     0x00000000     0x5b0e
 .debug_info    0x00000000      0x27f src/firmware.o
 .debug_info    0x0000027f      0x755 src/timer.o
 .debug_info    0x000009d4      0x898 ../shared/src/core/system.o
 .debug_info    0x0000126c      0x905 ../shared/src/core/uart.o
 .debug_info    0x00001b71      0x256 ../libopencm3/lib/libopencm3_stm32f4.a(gpio_common_all.o)
 .debug_info    0x00001dc7      0x21b ../libopencm3/lib/libopencm3_stm32f4.a(gpio_common_f0234.o)
 .debug_info    0x00001fe2      0x932 ../libopencm3/lib/libopencm3_stm32f4.a(rcc_common_all.o)
 .debug_info    0x00002914      0xfa1 ../libopencm3/lib/libopencm3_stm32f4.a(rcc.o)
 .debug_info    0x000038b5     0x1004 ../libopencm3/lib/libopencm3_stm32f4.a(timer_common_all.o)
 .debug_info    0x000048b9      0x665 ../libopencm3/lib/libopencm3_stm32f4.a(usart_common_all.o)
 .debug_info    0x00004f1e      0x192 ../libopencm3/lib/libopencm3_stm32f4.a(usart_common_f124.o)
 .debug_info    0x000050b0      0x2d9 ../libopencm3/lib/libopencm3_stm32f4.a(vector.o)
 .debug_info    0x00005389      0x28f ../libopencm3/lib/libopencm3_stm32f4.a(systick.o)
 .debug_info    0x00005618      0x239 ../libopencm3/lib/libopencm3_stm32f4.a(nvic.o)
 .debug_info    0x00005851       0xf1 ../libopencm3/lib/libopencm3_stm32f4.a(flash_common_all.o)
 .debug_info    0x00005942       0xe9 ../libopencm3/lib/libopencm3_stm32f4.a(flash_common_idcache.o)
 .debug_info    0x00005a2b       0xe3 ../libopencm3/lib/libopencm3_stm32f4.a(pwr.o)

.debug_abbrev   0x00000000     0x14ef
 .debug_abbrev  0x00000000      0x102 src/firmware.o
 .debug_abbrev  0x00000102      0x11a src/timer.o
 .debug_abbrev  0x0000021c      0x209 ../shared/src/core/system.o
 .debug_abbrev  0x00000425      0x1a3 ../shared/src/core/uart.o
 .debug_abbrev  0x000005c8      0x115 ../libopencm3/lib/libopencm3_stm32f4.a(gpio_common_all.o)
 .debug_abbrev  0x000006dd       0xc2 ../libopencm3/lib/libopencm3_stm32f4.a(gpio_common_f0234.o)
 .debug_abbrev  0x0000079f      0x185 ../libopencm3/lib/libopencm3_stm32f4.a(rcc_common_all.o)
 .debug_abbrev  0x00000924      0x2da ../libopencm3/lib/libopencm3_stm32f4.a(rcc.o)
 .debug_abbrev  0x00000bfe      0x1ac ../libopencm3/lib/libopencm3_stm32f4.a(timer_common_all.o)
 .debug_abbrev  0x00000daa      0x1a9 ../libopencm3/lib/libopencm3_stm32f4.a(usart_common_all.o)
 .debug_abbrev  0x00000f53       0xb6 ../libopencm3/lib/libopencm3_stm32f4.a(usart_common_f124.o)
 .debug_abbrev  0x00001009      0x15f ../libopencm3/lib/libopencm3_stm32f4.a(vector.o)
 .debug_abbrev  0x00001168      0x14e ../libopencm3/lib/libopencm3_stm32f4.a(systick.o)
 .debug_abbrev  0x000012b6       0xb6 ../libopencm3/lib/libopencm3_stm32f4.a(nvic.o)
 .debug_abbrev  0x0000136c       0x96 ../libopencm3/lib/libopencm3_stm32f4.a(flash_common_all.o)
 .debug_abbrev  0x00001402       0x56 ../libopencm3/lib/libopencm3_stm32f4.a(flash_common_idcache.o)
 .debug_abbrev  0x00001458       0x97 ../libopencm3/lib/libopencm3_stm32f4.a(pwr.o)

.debug_loclists
                0x00000000     0x10d8
 .debug_loclists
                0x00000000       0x93 src/firmware.o
 .debug_loclists
                0x00000093       0x84 src/timer.o
 .debug_loclists
                0x00000117      0x109 ../shared/src/core/uart.o
 .debug_loclists
                0x00000220       0x96 ../libopencm3/lib/libopencm3_stm32f4.a(gpio_common_all.o)
 .debug_loclists
                0x000002b6       0xf9 ../libopencm3/lib/libopencm3_stm32f4.a(gpio_common_f0234.o)
 .debug_loclists
                0x000003af       0x87 ../libopencm3/lib/libopencm3_stm32f4.a(rcc_common_all.o)
 .debug_loclists
                0x00000436      0x52f ../libopencm3/lib/libopencm3_stm32f4.a(rcc.o)
 .debug_loclists
                0x00000965      0x1d5 ../libopencm3/lib/libopencm3_stm32f4.a(timer_common_all.o)
 .debug_loclists
                0x00000b3a      0x18e ../libopencm3/lib/libopencm3_stm32f4.a(usart_common_all.o)
 .debug_loclists
                0x00000cc8       0x79 ../libopencm3/lib/libopencm3_stm32f4.a(usart_common_f124.o)
 .debug_loclists
                0x00000d41       0xb6 ../libopencm3/lib/libopencm3_stm32f4.a(vector.o)
 .debug_loclists
                0x00000df7      0x192 ../libopencm3/lib/libopencm3_stm32f4.a(systick.o)
 .debug_loclists
                0x00000f89      0x111 ../libopencm3/lib/libopencm3_stm32f4.a(nvic.o)
 .debug_loclists
                0x0000109a       0x17 ../libopencm3/lib/libopencm3_stm32f4.a(flash_common_all.o)
 .debug_loclists
                0x000010b1       0x27 ../libopencm3/lib/libopencm3_stm32f4.a(pwr.o)

.debug_aranges  0x00000000      0x828
 .debug_aranges
                0x00000000       0x20 src/firmware.o
 .debug_aranges
                0x00000020       0x28 src/timer.o
 .debug_aranges
                0x00000048       0x30 ../shared/src/core/system.o
 .debug_aranges
                0x00000078       0x50 ../shared/src/core/uart.o
 .debug_aranges
                0x000000c8       0x50 ../libopencm3/lib/libopencm3_stm32f4.a(gpio_common_all.o)
 .debug_aranges
                0x00000118       0x30 ../libopencm3/lib/libopencm3_stm32f4.a(gpio_common_f0234.o)
 .debug_aranges
                0x00000148       0x80 ../libopencm3/lib/libopencm3_stm32f4.a(rcc_common_all.o)
 .debug_aranges
                0x000001c8      0x110 ../libopencm3/lib/libopencm3_stm32f4.a(rcc.o)
 .debug_aranges
                0x000002d8      0x278 ../libopencm3/lib/libopencm3_stm32f4.a(timer_common_all.o)
 .debug_aranges
                0x00000550       0xf0 ../libopencm3/lib/libopencm3_stm32f4.a(usart_common_all.o)
 .debug_aranges
                0x00000640       0x40 ../libopencm3/lib/libopencm3_stm32f4.a(usart_common_f124.o)
 .debug_aranges
                0x00000680       0x30 ../libopencm3/lib/libopencm3_stm32f4.a(vector.o)
 .debug_aranges
                0x000006b0       0x78 ../libopencm3/lib/libopencm3_stm32f4.a(systick.o)
 .debug_aranges
                0x00000728       0x60 ../libopencm3/lib/libopencm3_stm32f4.a(nvic.o)
 .debug_aranges
                0x00000788       0x38 ../libopencm3/lib/libopencm3_stm32f4.a(flash_common_all.o)
 .debug_aranges
                0x000007c0       0x48 ../libopencm3/lib/libopencm3_stm32f4.a(flash_common_idcache.o)
 .debug_aranges
                0x00000808       0x20 ../libopencm3/lib/libopencm3_stm32f4.a(pwr.o)

.debug_rnglists
                0x00000000      0x628
 .debug_rnglists
                0x00000000       0x14 src/firmware.o
 .debug_rnglists
                0x00000014       0x19 src/timer.o
 .debug_rnglists
                0x0000002d       0x47 ../shared/src/core/system.o
 .debug_rnglists
                0x00000074       0x46 ../shared/src/core/uart.o
 .debug_rnglists
                0x000000ba       0x37 ../libopencm3/lib/libopencm3_stm32f4.a(gpio_common_all.o)
 .debug_rnglists
                0x000000f1       0x1f ../libopencm3/lib/libopencm3_stm32f4.a(gpio_common_f0234.o)
 .debug_rnglists
                0x00000110       0x5b ../libopencm3/lib/libopencm3_stm32f4.a(rcc_common_all.o)
 .debug_rnglists
                0x0000016b       0xe0 ../libopencm3/lib/libopencm3_stm32f4.a(rcc.o)
 .debug_rnglists
                0x0000024b      0x1d6 ../libopencm3/lib/libopencm3_stm32f4.a(timer_common_all.o)
 .debug_rnglists
                0x00000421       0xaf ../libopencm3/lib/libopencm3_stm32f4.a(usart_common_all.o)
 .debug_rnglists
                0x000004d0       0x2b ../libopencm3/lib/libopencm3_stm32f4.a(usart_common_f124.o)
 .debug_rnglists
                0x000004fb       0x20 ../libopencm3/lib/libopencm3_stm32f4.a(vector.o)
 .debug_rnglists
                0x0000051b       0x61 ../libopencm3/lib/libopencm3_stm32f4.a(systick.o)
 .debug_rnglists
                0x0000057c       0x43 ../libopencm3/lib/libopencm3_stm32f4.a(nvic.o)
 .debug_rnglists
                0x000005bf       0x25 ../libopencm3/lib/libopencm3_stm32f4.a(flash_common_all.o)
 .debug_rnglists
                0x000005e4       0x31 ../libopencm3/lib/libopencm3_stm32f4.a(flash_common_idcache.o)
 .debug_rnglists
                0x00000615       0x13 ../libopencm3/lib/libopencm3_stm32f4.a(pwr.o)

.debug_macro    0x00000000     0x59e5
 .debug_macro   0x00000000      0x13c src/firmware.o
 .debug_macro   0x0000013c      0xacc src/firmware.o
 .debug_macro   0x00000c08       0x76 src/firmware.o
 .debug_macro   0x00000c7e       0x1c src/firmware.o
 .debug_macro   0x00000c9a       0x22 src/firmware.o
 .debug_macro   0x00000cbc       0x56 src/firmware.o
 .debug_macro   0x00000d12       0x51 src/firmware.o
 .debug_macro   0x00000d63      0x103 src/firmware.o
 .debug_macro   0x00000e66       0x6a src/firmware.o
 .debug_macro   0x00000ed0      0x1df src/firmware.o
 .debug_macro   0x000010af       0x22 src/firmware.o
 .debug_macro   0x000010d1       0xe8 src/firmware.o
 .debug_macro   0x000011b9      0x452 src/firmware.o
 .debug_macro   0x0000160b      0x286 src/firmware.o
 .debug_macro   0x00001891       0x94 src/firmware.o
 .debug_macro   0x00001925      0x29e src/firmware.o
 .debug_macro   0x00001bc3       0xa0 src/firmware.o
 .debug_macro   0x00001c63       0x76 src/firmware.o
 .debug_macro   0x00001cd9      0x37e src/firmware.o
 .debug_macro   0x00002057       0xca src/firmware.o
 .debug_macro   0x00002121       0x46 src/firmware.o
 .debug_macro   0x00002167      0x100 src/timer.o
 .debug_macro   0x00002267      0x280 src/timer.o
 .debug_macro   0x000024e7      0xf7d src/timer.o
 .debug_macro   0x00003464       0x52 src/timer.o
 .debug_macro   0x000034b6       0x8e src/timer.o
 .debug_macro   0x00003544       0x46 src/timer.o
 .debug_macro   0x0000358a      0xcea src/timer.o
 .debug_macro   0x00004274      0x146 ../shared/src/core/system.o
 .debug_macro   0x000043ba       0x6f ../shared/src/core/system.o
 .debug_macro   0x00004429       0x6e ../shared/src/core/system.o
 .debug_macro   0x00004497      0x22c ../shared/src/core/system.o
 .debug_macro   0x000046c3      0x13a ../shared/src/core/uart.o
 .debug_macro   0x000047fd       0xd1 ../libopencm3/lib/libopencm3_stm32f4.a(gpio_common_all.o)
 .debug_macro   0x000048ce       0xd1 ../libopencm3/lib/libopencm3_stm32f4.a(gpio_common_f0234.o)
 .debug_macro   0x0000499f       0xf0 ../libopencm3/lib/libopencm3_stm32f4.a(rcc_common_all.o)
 .debug_macro   0x00004a8f      0x124 ../libopencm3/lib/libopencm3_stm32f4.a(rcc.o)
 .debug_macro   0x00004bb3       0x16 ../libopencm3/lib/libopencm3_stm32f4.a(rcc.o)
 .debug_macro   0x00004bc9       0x1c ../libopencm3/lib/libopencm3_stm32f4.a(rcc.o)
 .debug_macro   0x00004be5      0x143 ../libopencm3/lib/libopencm3_stm32f4.a(rcc.o)
 .debug_macro   0x00004d28       0x10 ../libopencm3/lib/libopencm3_stm32f4.a(rcc.o)
 .debug_macro   0x00004d38       0xf0 ../libopencm3/lib/libopencm3_stm32f4.a(timer_common_all.o)
 .debug_macro   0x00004e28      0x10b ../libopencm3/lib/libopencm3_stm32f4.a(usart_common_all.o)
 .debug_macro   0x00004f33      0x10b ../libopencm3/lib/libopencm3_stm32f4.a(usart_common_f124.o)
 .debug_macro   0x0000503e       0xd3 ../libopencm3/lib/libopencm3_stm32f4.a(vector.o)
 .debug_macro   0x00005111       0x92 ../libopencm3/lib/libopencm3_stm32f4.a(systick.o)
 .debug_macro   0x000051a3       0x69 ../libopencm3/lib/libopencm3_stm32f4.a(systick.o)
 .debug_macro   0x0000520c       0xb3 ../libopencm3/lib/libopencm3_stm32f4.a(nvic.o)
 .debug_macro   0x000052bf       0x68 ../libopencm3/lib/libopencm3_stm32f4.a(nvic.o)
 .debug_macro   0x00005327      0x458 ../libopencm3/lib/libopencm3_stm32f4.a(nvic.o)
 .debug_macro   0x0000577f       0xd7 ../libopencm3/lib/libopencm3_stm32f4.a(flash_common_all.o)
 .debug_macro   0x00005856       0xd7 ../libopencm3/lib/libopencm3_stm32f4.a(flash_common_idcache.o)
 .debug_macro   0x0000592d       0xb8 ../libopencm3/lib/libopencm3_stm32f4.a(pwr.o)

.debug_line     0x00000000     0x5e7b
 .debug_line    0x00000000      0x4a9 src/firmware.o
 .debug_line    0x000004a9      0x3b3 src/timer.o
 .debug_line    0x0000085c      0x4aa ../shared/src/core/system.o
 .debug_line    0x00000d06      0x55b ../shared/src/core/uart.o
 .debug_line    0x00001261      0x424 ../libopencm3/lib/libopencm3_stm32f4.a(gpio_common_all.o)
 .debug_line    0x00001685      0x4ff ../libopencm3/lib/libopencm3_stm32f4.a(gpio_common_f0234.o)
 .debug_line    0x00001b84      0x4c2 ../libopencm3/lib/libopencm3_stm32f4.a(rcc_common_all.o)
 .debug_line    0x00002046      0xb2b ../libopencm3/lib/libopencm3_stm32f4.a(rcc.o)
 .debug_line    0x00002b71     0x110e ../libopencm3/lib/libopencm3_stm32f4.a(timer_common_all.o)
 .debug_line    0x00003c7f      0x6fe ../libopencm3/lib/libopencm3_stm32f4.a(usart_common_all.o)
 .debug_line    0x0000437d      0x41b ../libopencm3/lib/libopencm3_stm32f4.a(usart_common_f124.o)
 .debug_line    0x00004798      0x458 ../libopencm3/lib/libopencm3_stm32f4.a(vector.o)
 .debug_line    0x00004bf0      0x3ec ../libopencm3/lib/libopencm3_stm32f4.a(systick.o)
 .debug_line    0x00004fdc      0x3fd ../libopencm3/lib/libopencm3_stm32f4.a(nvic.o)
 .debug_line    0x000053d9      0x3c4 ../libopencm3/lib/libopencm3_stm32f4.a(flash_common_all.o)
 .debug_line    0x0000579d      0x3dd ../libopencm3/lib/libopencm3_stm32f4.a(flash_common_idcache.o)
 .debug_line    0x00005b7a      0x301 ../libopencm3/lib/libopencm3_stm32f4.a(pwr.o)

.debug_str      0x00000000    0x15234
 .debug_str     0x00000000    0x15234 src/firmware.o
                               0x8f8d (size before relaxing)
 .debug_str     0x00015234     0xd999 src/timer.o
 .debug_str     0x00015234     0xb8df ../shared/src/core/system.o
 .debug_str     0x00015234     0xb47a ../shared/src/core/uart.o
 .debug_str     0x00015234     0x6707 ../libopencm3/lib/libopencm3_stm32f4.a(gpio_common_all.o)
 .debug_str     0x00015234     0x6729 ../libopencm3/lib/libopencm3_stm32f4.a(gpio_common_f0234.o)
 .debug_str     0x00015234     0x9ac6 ../libopencm3/lib/libopencm3_stm32f4.a(rcc_common_all.o)
 .debug_str     0x00015234     0xa33b ../libopencm3/lib/libopencm3_stm32f4.a(rcc.o)
 .debug_str     0x00015234     0xdd6a ../libopencm3/lib/libopencm3_stm32f4.a(timer_common_all.o)
 .debug_str     0x00015234     0xa588 ../libopencm3/lib/libopencm3_stm32f4.a(usart_common_all.o)
 .debug_str     0x00015234     0xa2f4 ../libopencm3/lib/libopencm3_stm32f4.a(usart_common_f124.o)
 .debug_str     0x00015234     0x6fbc ../libopencm3/lib/libopencm3_stm32f4.a(vector.o)
 .debug_str     0x00015234     0x461f ../libopencm3/lib/libopencm3_stm32f4.a(systick.o)
 .debug_str     0x00015234     0x623c ../libopencm3/lib/libopencm3_stm32f4.a(nvic.o)
 .debug_str     0x00015234     0x5a5e ../libopencm3/lib/libopencm3_stm32f4.a(flash_common_all.o)
 .debug_str     0x00015234     0x5a80 ../libopencm3/lib/libopencm3_stm32f4.a(flash_common_idcache.o)
 .debug_str     0x00015234     0x56da ../libopencm3/lib/libopencm3_stm32f4.a(pwr.o)

.comment        0x00000000       0x45
 .comment       0x00000000       0x45 src/firmware.o
                                 0x46 (size before relaxing)
 .comment       0x00000045       0x46 src/timer.o
 .comment       0x00000045       0x46 ../shared/src/core/system.o
 .comment       0x00000045       0x46 ../shared/src/core/uart.o
 .comment       0x00000045       0x46 ../libopencm3/lib/libopencm3_stm32f4.a(gpio_common_all.o)
 .comment       0x00000045       0x46 ../libopencm3/lib/libopencm3_stm32f4.a(gpio_common_f0234.o)
 .comment       0x00000045       0x46 ../libopencm3/lib/libopencm3_stm32f4.a(rcc_common_all.o)
 .comment       0x00000045       0x46 ../libopencm3/lib/libopencm3_stm32f4.a(rcc.o)
 .comment       0x00000045       0x46 ../libopencm3/lib/libopencm3_stm32f4.a(timer_common_all.o)
 .comment       0x00000045       0x46 ../libopencm3/lib/libopencm3_stm32f4.a(usart_common_all.o)
 .comment       0x00000045       0x46 ../libopencm3/lib/libopencm3_stm32f4.a(usart_common_f124.o)
 .comment       0x00000045       0x46 ../libopencm3/lib/libopencm3_stm32f4.a(vector.o)
 .comment       0x00000045       0x46 ../libopencm3/lib/libopencm3_stm32f4.a(systick.o)
 .comment       0x00000045       0x46 ../libopencm3/lib/libopencm3_stm32f4.a(nvic.o)
 .comment       0x00000045       0x46 ../libopencm3/lib/libopencm3_stm32f4.a(flash_common_all.o)
 .comment       0x00000045       0x46 ../libopencm3/lib/libopencm3_stm32f4.a(flash_common_idcache.o)
 .comment       0x00000045       0x46 ../libopencm3/lib/libopencm3_stm32f4.a(pwr.o)

.ARM.attributes
                0x00000000       0x32
 .ARM.attributes
                0x00000000       0x34 src/firmware.o
 .ARM.attributes
                0x00000034       0x34 src/timer.o
 .ARM.attributes
                0x00000068       0x34 ../shared/src/core/system.o
 .ARM.attributes
                0x0000009c       0x34 ../shared/src/core/uart.o
 .ARM.attributes
                0x000000d0       0x34 ../libopencm3/lib/libopencm3_stm32f4.a(gpio_common_all.o)
 .ARM.attributes
                0x00000104       0x34 ../libopencm3/lib/libopencm3_stm32f4.a(gpio_common_f0234.o)
 .ARM.attributes
                0x00000138       0x34 ../libopencm3/lib/libopencm3_stm32f4.a(rcc_common_all.o)
 .ARM.attributes
                0x0000016c       0x34 ../libopencm3/lib/libopencm3_stm32f4.a(rcc.o)
 .ARM.attributes
                0x000001a0       0x34 ../libopencm3/lib/libopencm3_stm32f4.a(timer_common_all.o)
 .ARM.attributes
                0x000001d4       0x34 ../libopencm3/lib/libopencm3_stm32f4.a(usart_common_all.o)
 .ARM.attributes
                0x00000208       0x34 ../libopencm3/lib/libopencm3_stm32f4.a(usart_common_f124.o)
 .ARM.attributes
                0x0000023c       0x34 ../libopencm3/lib/libopencm3_stm32f4.a(vector.o)
 .ARM.attributes
                0x00000270       0x34 ../libopencm3/lib/libopencm3_stm32f4.a(systick.o)
 .ARM.attributes
                0x000002a4       0x34 ../libopencm3/lib/libopencm3_stm32f4.a(nvic.o)
 .ARM.attributes
                0x000002d8       0x34 ../libopencm3/lib/libopencm3_stm32f4.a(flash_common_all.o)
 .ARM.attributes
                0x0000030c       0x34 ../libopencm3/lib/libopencm3_stm32f4.a(flash_common_idcache.o)
 .ARM.attributes
                0x00000340       0x34 ../libopencm3/lib/libopencm3_stm32f4.a(pwr.o)

.debug_frame    0x00000000      0xf44
 .debug_frame   0x00000000       0x40 src/firmware.o
 .debug_frame   0x00000040       0x3c src/timer.o
 .debug_frame   0x0000007c       0x5c ../shared/src/core/system.o
 .debug_frame   0x000000d8       0xa0 ../shared/src/core/uart.o
 .debug_frame   0x00000178       0x80 ../libopencm3/lib/libopencm3_stm32f4.a(gpio_common_all.o)
 .debug_frame   0x000001f8       0x70 ../libopencm3/lib/libopencm3_stm32f4.a(gpio_common_f0234.o)
 .debug_frame   0x00000268       0xe0 ../libopencm3/lib/libopencm3_stm32f4.a(rcc_common_all.o)
 .debug_frame   0x00000348      0x234 ../libopencm3/lib/libopencm3_stm32f4.a(rcc.o)
 .debug_frame   0x0000057c      0x4d8 ../libopencm3/lib/libopencm3_stm32f4.a(timer_common_all.o)
 .debug_frame   0x00000a54      0x1ec ../libopencm3/lib/libopencm3_stm32f4.a(usart_common_all.o)
 .debug_frame   0x00000c40       0x60 ../libopencm3/lib/libopencm3_stm32f4.a(usart_common_f124.o)
 .debug_frame   0x00000ca0       0x4c ../libopencm3/lib/libopencm3_stm32f4.a(vector.o)
 .debug_frame   0x00000cec       0xd8 ../libopencm3/lib/libopencm3_stm32f4.a(systick.o)
 .debug_frame   0x00000dc4       0xa0 ../libopencm3/lib/libopencm3_stm32f4.a(nvic.o)
 .debug_frame   0x00000e64       0x50 ../libopencm3/lib/libopencm3_stm32f4.a(flash_common_all.o)
 .debug_frame   0x00000eb4       0x70 ../libopencm3/lib/libopencm3_stm32f4.a(flash_common_idcache.o)
 .debug_frame   0x00000f24       0x20 ../libopencm3/lib/libopencm3_stm32f4.a(pwr.o)

Cross Reference Table

Symbol                                            File
__fini_array_end                                  ../libopencm3/lib/libopencm3_stm32f4.a(vector.o)
__fini_array_start                                ../libopencm3/lib/libopencm3_stm32f4.a(vector.o)
__init_array_end                                  ../libopencm3/lib/libopencm3_stm32f4.a(vector.o)
__init_array_start                                ../libopencm3/lib/libopencm3_stm32f4.a(vector.o)
__preinit_array_end                               ../libopencm3/lib/libopencm3_stm32f4.a(vector.o)
__preinit_array_start                             ../libopencm3/lib/libopencm3_stm32f4.a(vector.o)
_data                                             ../libopencm3/lib/libopencm3_stm32f4.a(vector.o)
_data_loadaddr                                    ../libopencm3/lib/libopencm3_stm32f4.a(vector.o)
_ebss                                             ../libopencm3/lib/libopencm3_stm32f4.a(vector.o)
_edata                                            ../libopencm3/lib/libopencm3_stm32f4.a(vector.o)
_stack                                            ../libopencm3/lib/libopencm3_stm32f4.a(vector.o)
adc_isr                                           ../libopencm3/lib/libopencm3_stm32f4.a(vector.o)
blocking_handler                                  ../libopencm3/lib/libopencm3_stm32f4.a(vector.o)
bus_fault_handler                                 ../libopencm3/lib/libopencm3_stm32f4.a(vector.o)
can1_rx0_isr                                      ../libopencm3/lib/libopencm3_stm32f4.a(vector.o)
can1_rx1_isr                                      ../libopencm3/lib/libopencm3_stm32f4.a(vector.o)
can1_sce_isr                                      ../libopencm3/lib/libopencm3_stm32f4.a(vector.o)
can1_tx_isr                                       ../libopencm3/lib/libopencm3_stm32f4.a(vector.o)
can2_rx0_isr                                      ../libopencm3/lib/libopencm3_stm32f4.a(vector.o)
can2_rx1_isr                                      ../libopencm3/lib/libopencm3_stm32f4.a(vector.o)
can2_sce_isr                                      ../libopencm3/lib/libopencm3_stm32f4.a(vector.o)
can2_tx_isr                                       ../libopencm3/lib/libopencm3_stm32f4.a(vector.o)
cryp_isr                                          ../libopencm3/lib/libopencm3_stm32f4.a(vector.o)
dcmi_isr                                          ../libopencm3/lib/libopencm3_stm32f4.a(vector.o)
debug_monitor_handler                             ../libopencm3/lib/libopencm3_stm32f4.a(vector.o)
dma1_stream0_isr                                  ../libopencm3/lib/libopencm3_stm32f4.a(vector.o)
dma1_stream1_isr                                  ../libopencm3/lib/libopencm3_stm32f4.a(vector.o)
dma1_stream2_isr                                  ../libopencm3/lib/libopencm3_stm32f4.a(vector.o)
dma1_stream3_isr                                  ../libopencm3/lib/libopencm3_stm32f4.a(vector.o)
dma1_stream4_isr                                  ../libopencm3/lib/libopencm3_stm32f4.a(vector.o)
dma1_stream5_isr                                  ../libopencm3/lib/libopencm3_stm32f4.a(vector.o)
dma1_stream6_isr                                  ../libopencm3/lib/libopencm3_stm32f4.a(vector.o)
dma1_stream7_isr                                  ../libopencm3/lib/libopencm3_stm32f4.a(vector.o)
dma2_stream0_isr                                  ../libopencm3/lib/libopencm3_stm32f4.a(vector.o)
dma2_stream1_isr                                  ../libopencm3/lib/libopencm3_stm32f4.a(vector.o)
dma2_stream2_isr                                  ../libopencm3/lib/libopencm3_stm32f4.a(vector.o)
dma2_stream3_isr                                  ../libopencm3/lib/libopencm3_stm32f4.a(vector.o)
dma2_stream4_isr                                  ../libopencm3/lib/libopencm3_stm32f4.a(vector.o)
dma2_stream5_isr                                  ../libopencm3/lib/libopencm3_stm32f4.a(vector.o)
dma2_stream6_isr                                  ../libopencm3/lib/libopencm3_stm32f4.a(vector.o)
dma2_stream7_isr                                  ../libopencm3/lib/libopencm3_stm32f4.a(vector.o)
dma2d_isr                                         ../libopencm3/lib/libopencm3_stm32f4.a(vector.o)
eth_isr                                           ../libopencm3/lib/libopencm3_stm32f4.a(vector.o)
eth_wkup_isr                                      ../libopencm3/lib/libopencm3_stm32f4.a(vector.o)
exti0_isr                                         ../libopencm3/lib/libopencm3_stm32f4.a(vector.o)
exti15_10_isr                                     ../libopencm3/lib/libopencm3_stm32f4.a(vector.o)
exti1_isr                                         ../libopencm3/lib/libopencm3_stm32f4.a(vector.o)
exti2_isr                                         ../libopencm3/lib/libopencm3_stm32f4.a(vector.o)
exti3_isr                                         ../libopencm3/lib/libopencm3_stm32f4.a(vector.o)
exti4_isr                                         ../libopencm3/lib/libopencm3_stm32f4.a(vector.o)
exti9_5_isr                                       ../libopencm3/lib/libopencm3_stm32f4.a(vector.o)
flash_dcache_disable                              ../libopencm3/lib/libopencm3_stm32f4.a(flash_common_idcache.o)
                                                  ../libopencm3/lib/libopencm3_stm32f4.a(rcc.o)
flash_dcache_enable                               ../libopencm3/lib/libopencm3_stm32f4.a(flash_common_idcache.o)
                                                  ../libopencm3/lib/libopencm3_stm32f4.a(rcc.o)
flash_dcache_reset                                ../libopencm3/lib/libopencm3_stm32f4.a(flash_common_idcache.o)
flash_icache_disable                              ../libopencm3/lib/libopencm3_stm32f4.a(flash_common_idcache.o)
                                                  ../libopencm3/lib/libopencm3_stm32f4.a(rcc.o)
flash_icache_enable                               ../libopencm3/lib/libopencm3_stm32f4.a(flash_common_idcache.o)
                                                  ../libopencm3/lib/libopencm3_stm32f4.a(rcc.o)
flash_icache_reset                                ../libopencm3/lib/libopencm3_stm32f4.a(flash_common_idcache.o)
flash_isr                                         ../libopencm3/lib/libopencm3_stm32f4.a(vector.o)
flash_prefetch_disable                            ../libopencm3/lib/libopencm3_stm32f4.a(flash_common_all.o)
flash_prefetch_enable                             ../libopencm3/lib/libopencm3_stm32f4.a(flash_common_all.o)
flash_set_ws                                      ../libopencm3/lib/libopencm3_stm32f4.a(flash_common_all.o)
                                                  ../libopencm3/lib/libopencm3_stm32f4.a(rcc.o)
flash_unlock_option_bytes                         ../libopencm3/lib/libopencm3_stm32f4.a(flash_common_all.o)
fpu_isr                                           ../libopencm3/lib/libopencm3_stm32f4.a(vector.o)
fsmc_isr                                          ../libopencm3/lib/libopencm3_stm32f4.a(vector.o)
gpio_clear                                        ../libopencm3/lib/libopencm3_stm32f4.a(gpio_common_all.o)
gpio_get                                          ../libopencm3/lib/libopencm3_stm32f4.a(gpio_common_all.o)
gpio_mode_setup                                   ../libopencm3/lib/libopencm3_stm32f4.a(gpio_common_f0234.o)
                                                  ../shared/src/core/system.o
gpio_port_config_lock                             ../libopencm3/lib/libopencm3_stm32f4.a(gpio_common_all.o)
gpio_port_read                                    ../libopencm3/lib/libopencm3_stm32f4.a(gpio_common_all.o)
gpio_port_write                                   ../libopencm3/lib/libopencm3_stm32f4.a(gpio_common_all.o)
gpio_set                                          ../libopencm3/lib/libopencm3_stm32f4.a(gpio_common_all.o)
gpio_set_af                                       ../libopencm3/lib/libopencm3_stm32f4.a(gpio_common_f0234.o)
                                                  ../shared/src/core/system.o
gpio_set_output_options                           ../libopencm3/lib/libopencm3_stm32f4.a(gpio_common_f0234.o)
gpio_toggle                                       ../libopencm3/lib/libopencm3_stm32f4.a(gpio_common_all.o)
                                                  src/firmware.o
hard_fault_handler                                ../libopencm3/lib/libopencm3_stm32f4.a(vector.o)
hash_rng_isr                                      ../libopencm3/lib/libopencm3_stm32f4.a(vector.o)
i2c1_er_isr                                       ../libopencm3/lib/libopencm3_stm32f4.a(vector.o)
i2c1_ev_isr                                       ../libopencm3/lib/libopencm3_stm32f4.a(vector.o)
i2c2_er_isr                                       ../libopencm3/lib/libopencm3_stm32f4.a(vector.o)
i2c2_ev_isr                                       ../libopencm3/lib/libopencm3_stm32f4.a(vector.o)
i2c3_er_isr                                       ../libopencm3/lib/libopencm3_stm32f4.a(vector.o)
i2c3_ev_isr                                       ../libopencm3/lib/libopencm3_stm32f4.a(vector.o)
lcd_tft_err_isr                                   ../libopencm3/lib/libopencm3_stm32f4.a(vector.o)
lcd_tft_isr                                       ../libopencm3/lib/libopencm3_stm32f4.a(vector.o)
main                                              src/firmware.o
                                                  ../libopencm3/lib/libopencm3_stm32f4.a(vector.o)
mem_manage_handler                                ../libopencm3/lib/libopencm3_stm32f4.a(vector.o)
nmi_handler                                       ../libopencm3/lib/libopencm3_stm32f4.a(vector.o)
null_handler                                      ../libopencm3/lib/libopencm3_stm32f4.a(vector.o)
nvic_clear_pending_irq                            ../libopencm3/lib/libopencm3_stm32f4.a(nvic.o)
nvic_disable_irq                                  ../libopencm3/lib/libopencm3_stm32f4.a(nvic.o)
nvic_enable_irq                                   ../libopencm3/lib/libopencm3_stm32f4.a(nvic.o)
                                                  ../shared/src/core/uart.o
nvic_generate_software_interrupt                  ../libopencm3/lib/libopencm3_stm32f4.a(nvic.o)
nvic_get_active_irq                               ../libopencm3/lib/libopencm3_stm32f4.a(nvic.o)
nvic_get_irq_enabled                              ../libopencm3/lib/libopencm3_stm32f4.a(nvic.o)
nvic_get_pending_irq                              ../libopencm3/lib/libopencm3_stm32f4.a(nvic.o)
nvic_set_pending_irq                              ../libopencm3/lib/libopencm3_stm32f4.a(nvic.o)
nvic_set_priority                                 ../libopencm3/lib/libopencm3_stm32f4.a(nvic.o)
nvic_wwdg_isr                                     ../libopencm3/lib/libopencm3_stm32f4.a(vector.o)
otg_fs_isr                                        ../libopencm3/lib/libopencm3_stm32f4.a(vector.o)
otg_hs_ep1_in_isr                                 ../libopencm3/lib/libopencm3_stm32f4.a(vector.o)
otg_hs_ep1_out_isr                                ../libopencm3/lib/libopencm3_stm32f4.a(vector.o)
otg_hs_isr                                        ../libopencm3/lib/libopencm3_stm32f4.a(vector.o)
otg_hs_wkup_isr                                   ../libopencm3/lib/libopencm3_stm32f4.a(vector.o)
pend_sv_handler                                   ../libopencm3/lib/libopencm3_stm32f4.a(vector.o)
pvd_isr                                           ../libopencm3/lib/libopencm3_stm32f4.a(vector.o)
pwr_set_vos_scale                                 ../libopencm3/lib/libopencm3_stm32f4.a(pwr.o)
                                                  ../libopencm3/lib/libopencm3_stm32f4.a(rcc.o)
rcc_ahb_frequency                                 ../libopencm3/lib/libopencm3_stm32f4.a(rcc.o)
rcc_apb1_frequency                                ../libopencm3/lib/libopencm3_stm32f4.a(rcc.o)
rcc_apb2_frequency                                ../libopencm3/lib/libopencm3_stm32f4.a(rcc.o)
rcc_clock_setup_hse_3v3                           ../libopencm3/lib/libopencm3_stm32f4.a(rcc.o)
rcc_clock_setup_pll                               ../libopencm3/lib/libopencm3_stm32f4.a(rcc.o)
                                                  ../shared/src/core/system.o
rcc_css_disable                                   ../libopencm3/lib/libopencm3_stm32f4.a(rcc.o)
rcc_css_enable                                    ../libopencm3/lib/libopencm3_stm32f4.a(rcc.o)
rcc_css_int_clear                                 ../libopencm3/lib/libopencm3_stm32f4.a(rcc.o)
rcc_css_int_flag                                  ../libopencm3/lib/libopencm3_stm32f4.a(rcc.o)
rcc_get_div_from_hpre                             ../libopencm3/lib/libopencm3_stm32f4.a(rcc_common_all.o)
rcc_get_i2c_clk_freq                              ../libopencm3/lib/libopencm3_stm32f4.a(rcc.o)
rcc_get_spi_clk_freq                              ../libopencm3/lib/libopencm3_stm32f4.a(rcc.o)
rcc_get_timer_clk_freq                            ../libopencm3/lib/libopencm3_stm32f4.a(rcc.o)
rcc_get_usart_clk_freq                            ../libopencm3/lib/libopencm3_stm32f4.a(rcc.o)
                                                  ../libopencm3/lib/libopencm3_stm32f4.a(usart_common_all.o)
rcc_hse_12mhz_3v3                                 ../libopencm3/lib/libopencm3_stm32f4.a(rcc.o)
rcc_hse_16mhz_3v3                                 ../libopencm3/lib/libopencm3_stm32f4.a(rcc.o)
rcc_hse_25mhz_3v3                                 ../libopencm3/lib/libopencm3_stm32f4.a(rcc.o)
rcc_hse_8mhz_3v3                                  ../libopencm3/lib/libopencm3_stm32f4.a(rcc.o)
rcc_hsi_configs                                   ../libopencm3/lib/libopencm3_stm32f4.a(rcc.o)
                                                  ../shared/src/core/system.o
rcc_is_osc_ready                                  ../libopencm3/lib/libopencm3_stm32f4.a(rcc.o)
rcc_isr                                           ../libopencm3/lib/libopencm3_stm32f4.a(vector.o)
rcc_osc_bypass_disable                            ../libopencm3/lib/libopencm3_stm32f4.a(rcc_common_all.o)
rcc_osc_bypass_enable                             ../libopencm3/lib/libopencm3_stm32f4.a(rcc_common_all.o)
rcc_osc_off                                       ../libopencm3/lib/libopencm3_stm32f4.a(rcc.o)
rcc_osc_on                                        ../libopencm3/lib/libopencm3_stm32f4.a(rcc.o)
rcc_osc_ready_int_clear                           ../libopencm3/lib/libopencm3_stm32f4.a(rcc.o)
rcc_osc_ready_int_disable                         ../libopencm3/lib/libopencm3_stm32f4.a(rcc.o)
rcc_osc_ready_int_enable                          ../libopencm3/lib/libopencm3_stm32f4.a(rcc.o)
rcc_osc_ready_int_flag                            ../libopencm3/lib/libopencm3_stm32f4.a(rcc.o)
rcc_periph_clock_disable                          ../libopencm3/lib/libopencm3_stm32f4.a(rcc_common_all.o)
rcc_periph_clock_enable                           ../libopencm3/lib/libopencm3_stm32f4.a(rcc_common_all.o)
                                                  ../libopencm3/lib/libopencm3_stm32f4.a(rcc.o)
                                                  ../shared/src/core/uart.o
                                                  ../shared/src/core/system.o
                                                  src/timer.o
rcc_periph_reset_hold                             ../libopencm3/lib/libopencm3_stm32f4.a(rcc_common_all.o)
rcc_periph_reset_pulse                            ../libopencm3/lib/libopencm3_stm32f4.a(rcc_common_all.o)
rcc_periph_reset_release                          ../libopencm3/lib/libopencm3_stm32f4.a(rcc_common_all.o)
rcc_peripheral_clear_reset                        ../libopencm3/lib/libopencm3_stm32f4.a(rcc_common_all.o)
rcc_peripheral_disable_clock                      ../libopencm3/lib/libopencm3_stm32f4.a(rcc_common_all.o)
rcc_peripheral_enable_clock                       ../libopencm3/lib/libopencm3_stm32f4.a(rcc_common_all.o)
rcc_peripheral_reset                              ../libopencm3/lib/libopencm3_stm32f4.a(rcc_common_all.o)
rcc_plli2s_config                                 ../libopencm3/lib/libopencm3_stm32f4.a(rcc.o)
rcc_pllsai_config                                 ../libopencm3/lib/libopencm3_stm32f4.a(rcc.o)
rcc_pllsai_postscalers                            ../libopencm3/lib/libopencm3_stm32f4.a(rcc.o)
rcc_set_hpre                                      ../libopencm3/lib/libopencm3_stm32f4.a(rcc.o)
rcc_set_main_pll_hse                              ../libopencm3/lib/libopencm3_stm32f4.a(rcc.o)
rcc_set_main_pll_hsi                              ../libopencm3/lib/libopencm3_stm32f4.a(rcc.o)
rcc_set_mco                                       ../libopencm3/lib/libopencm3_stm32f4.a(rcc_common_all.o)
rcc_set_pll_source                                ../libopencm3/lib/libopencm3_stm32f4.a(rcc.o)
rcc_set_ppre1                                     ../libopencm3/lib/libopencm3_stm32f4.a(rcc.o)
rcc_set_ppre2                                     ../libopencm3/lib/libopencm3_stm32f4.a(rcc.o)
rcc_set_rtcpre                                    ../libopencm3/lib/libopencm3_stm32f4.a(rcc.o)
rcc_set_sysclk_source                             ../libopencm3/lib/libopencm3_stm32f4.a(rcc.o)
rcc_system_clock_source                           ../libopencm3/lib/libopencm3_stm32f4.a(rcc.o)
rcc_wait_for_osc_ready                            ../libopencm3/lib/libopencm3_stm32f4.a(rcc.o)
rcc_wait_for_sysclk_status                        ../libopencm3/lib/libopencm3_stm32f4.a(rcc.o)
reset_handler                                     ../libopencm3/lib/libopencm3_stm32f4.a(vector.o)
rtc_alarm_isr                                     ../libopencm3/lib/libopencm3_stm32f4.a(vector.o)
rtc_wkup_isr                                      ../libopencm3/lib/libopencm3_stm32f4.a(vector.o)
sai1_isr                                          ../libopencm3/lib/libopencm3_stm32f4.a(vector.o)
sdio_isr                                          ../libopencm3/lib/libopencm3_stm32f4.a(vector.o)
spi1_isr                                          ../libopencm3/lib/libopencm3_stm32f4.a(vector.o)
spi2_isr                                          ../libopencm3/lib/libopencm3_stm32f4.a(vector.o)
spi3_isr                                          ../libopencm3/lib/libopencm3_stm32f4.a(vector.o)
spi4_isr                                          ../libopencm3/lib/libopencm3_stm32f4.a(vector.o)
spi5_isr                                          ../libopencm3/lib/libopencm3_stm32f4.a(vector.o)
spi6_isr                                          ../libopencm3/lib/libopencm3_stm32f4.a(vector.o)
sv_call_handler                                   ../libopencm3/lib/libopencm3_stm32f4.a(vector.o)
sys_tick_handler                                  ../shared/src/core/system.o
system_get_ticks                                  ../shared/src/core/system.o
                                                  src/firmware.o
system_setup                                      ../shared/src/core/system.o
                                                  src/firmware.o
systick_clear                                     ../libopencm3/lib/libopencm3_stm32f4.a(systick.o)
systick_counter_disable                           ../libopencm3/lib/libopencm3_stm32f4.a(systick.o)
systick_counter_enable                            ../libopencm3/lib/libopencm3_stm32f4.a(systick.o)
                                                  ../shared/src/core/system.o
systick_get_calib                                 ../libopencm3/lib/libopencm3_stm32f4.a(systick.o)
systick_get_countflag                             ../libopencm3/lib/libopencm3_stm32f4.a(systick.o)
systick_get_reload                                ../libopencm3/lib/libopencm3_stm32f4.a(systick.o)
systick_get_value                                 ../libopencm3/lib/libopencm3_stm32f4.a(systick.o)
systick_interrupt_disable                         ../libopencm3/lib/libopencm3_stm32f4.a(systick.o)
systick_interrupt_enable                          ../libopencm3/lib/libopencm3_stm32f4.a(systick.o)
                                                  ../shared/src/core/system.o
systick_set_clocksource                           ../libopencm3/lib/libopencm3_stm32f4.a(systick.o)
systick_set_frequency                             ../libopencm3/lib/libopencm3_stm32f4.a(systick.o)
                                                  ../shared/src/core/system.o
systick_set_reload                                ../libopencm3/lib/libopencm3_stm32f4.a(systick.o)
tamp_stamp_isr                                    ../libopencm3/lib/libopencm3_stm32f4.a(vector.o)
tim1_brk_tim9_isr                                 ../libopencm3/lib/libopencm3_stm32f4.a(vector.o)
tim1_cc_isr                                       ../libopencm3/lib/libopencm3_stm32f4.a(vector.o)
tim1_trg_com_tim11_isr                            ../libopencm3/lib/libopencm3_stm32f4.a(vector.o)
tim1_up_tim10_isr                                 ../libopencm3/lib/libopencm3_stm32f4.a(vector.o)
tim2_isr                                          ../libopencm3/lib/libopencm3_stm32f4.a(vector.o)
tim3_isr                                          ../libopencm3/lib/libopencm3_stm32f4.a(vector.o)
tim4_isr                                          ../libopencm3/lib/libopencm3_stm32f4.a(vector.o)
tim5_isr                                          ../libopencm3/lib/libopencm3_stm32f4.a(vector.o)
tim6_dac_isr                                      ../libopencm3/lib/libopencm3_stm32f4.a(vector.o)
tim7_isr                                          ../libopencm3/lib/libopencm3_stm32f4.a(vector.o)
tim8_brk_tim12_isr                                ../libopencm3/lib/libopencm3_stm32f4.a(vector.o)
tim8_cc_isr                                       ../libopencm3/lib/libopencm3_stm32f4.a(vector.o)
tim8_trg_com_tim14_isr                            ../libopencm3/lib/libopencm3_stm32f4.a(vector.o)
tim8_up_tim13_isr                                 ../libopencm3/lib/libopencm3_stm32f4.a(vector.o)
timer_clear_flag                                  ../libopencm3/lib/libopencm3_stm32f4.a(timer_common_all.o)
timer_continuous_mode                             ../libopencm3/lib/libopencm3_stm32f4.a(timer_common_all.o)
timer_direction_down                              ../libopencm3/lib/libopencm3_stm32f4.a(timer_common_all.o)
timer_direction_up                                ../libopencm3/lib/libopencm3_stm32f4.a(timer_common_all.o)
timer_disable_break                               ../libopencm3/lib/libopencm3_stm32f4.a(timer_common_all.o)
timer_disable_break_automatic_output              ../libopencm3/lib/libopencm3_stm32f4.a(timer_common_all.o)
timer_disable_break_main_output                   ../libopencm3/lib/libopencm3_stm32f4.a(timer_common_all.o)
timer_disable_compare_control_update_on_trigger   ../libopencm3/lib/libopencm3_stm32f4.a(timer_common_all.o)
timer_disable_counter                             ../libopencm3/lib/libopencm3_stm32f4.a(timer_common_all.o)
timer_disable_irq                                 ../libopencm3/lib/libopencm3_stm32f4.a(timer_common_all.o)
timer_disable_oc_clear                            ../libopencm3/lib/libopencm3_stm32f4.a(timer_common_all.o)
timer_disable_oc_output                           ../libopencm3/lib/libopencm3_stm32f4.a(timer_common_all.o)
timer_disable_oc_preload                          ../libopencm3/lib/libopencm3_stm32f4.a(timer_common_all.o)
timer_disable_preload                             ../libopencm3/lib/libopencm3_stm32f4.a(timer_common_all.o)
timer_disable_preload_complementry_enable_bits    ../libopencm3/lib/libopencm3_stm32f4.a(timer_common_all.o)
timer_disable_update_event                        ../libopencm3/lib/libopencm3_stm32f4.a(timer_common_all.o)
timer_enable_break                                ../libopencm3/lib/libopencm3_stm32f4.a(timer_common_all.o)
timer_enable_break_automatic_output               ../libopencm3/lib/libopencm3_stm32f4.a(timer_common_all.o)
timer_enable_break_main_output                    ../libopencm3/lib/libopencm3_stm32f4.a(timer_common_all.o)
timer_enable_compare_control_update_on_trigger    ../libopencm3/lib/libopencm3_stm32f4.a(timer_common_all.o)
timer_enable_counter                              ../libopencm3/lib/libopencm3_stm32f4.a(timer_common_all.o)
                                                  src/timer.o
timer_enable_irq                                  ../libopencm3/lib/libopencm3_stm32f4.a(timer_common_all.o)
timer_enable_oc_clear                             ../libopencm3/lib/libopencm3_stm32f4.a(timer_common_all.o)
timer_enable_oc_output                            ../libopencm3/lib/libopencm3_stm32f4.a(timer_common_all.o)
                                                  src/timer.o
timer_enable_oc_preload                           ../libopencm3/lib/libopencm3_stm32f4.a(timer_common_all.o)
timer_enable_preload                              ../libopencm3/lib/libopencm3_stm32f4.a(timer_common_all.o)
timer_enable_preload_complementry_enable_bits     ../libopencm3/lib/libopencm3_stm32f4.a(timer_common_all.o)
timer_enable_update_event                         ../libopencm3/lib/libopencm3_stm32f4.a(timer_common_all.o)
timer_generate_event                              ../libopencm3/lib/libopencm3_stm32f4.a(timer_common_all.o)
timer_get_counter                                 ../libopencm3/lib/libopencm3_stm32f4.a(timer_common_all.o)
timer_get_flag                                    ../libopencm3/lib/libopencm3_stm32f4.a(timer_common_all.o)
timer_ic_disable                                  ../libopencm3/lib/libopencm3_stm32f4.a(timer_common_all.o)
timer_ic_enable                                   ../libopencm3/lib/libopencm3_stm32f4.a(timer_common_all.o)
timer_ic_set_filter                               ../libopencm3/lib/libopencm3_stm32f4.a(timer_common_all.o)
timer_ic_set_input                                ../libopencm3/lib/libopencm3_stm32f4.a(timer_common_all.o)
timer_ic_set_prescaler                            ../libopencm3/lib/libopencm3_stm32f4.a(timer_common_all.o)
timer_interrupt_source                            ../libopencm3/lib/libopencm3_stm32f4.a(timer_common_all.o)
timer_one_shot_mode                               ../libopencm3/lib/libopencm3_stm32f4.a(timer_common_all.o)
timer_pwm_set_duty_cycle                          src/timer.o
                                                  src/firmware.o
timer_reset_output_idle_state                     ../libopencm3/lib/libopencm3_stm32f4.a(timer_common_all.o)
timer_set_alignment                               ../libopencm3/lib/libopencm3_stm32f4.a(timer_common_all.o)
timer_set_break_lock                              ../libopencm3/lib/libopencm3_stm32f4.a(timer_common_all.o)
timer_set_break_polarity_high                     ../libopencm3/lib/libopencm3_stm32f4.a(timer_common_all.o)
timer_set_break_polarity_low                      ../libopencm3/lib/libopencm3_stm32f4.a(timer_common_all.o)
timer_set_clock_division                          ../libopencm3/lib/libopencm3_stm32f4.a(timer_common_all.o)
timer_set_counter                                 ../libopencm3/lib/libopencm3_stm32f4.a(timer_common_all.o)
timer_set_deadtime                                ../libopencm3/lib/libopencm3_stm32f4.a(timer_common_all.o)
timer_set_disabled_off_state_in_idle_mode         ../libopencm3/lib/libopencm3_stm32f4.a(timer_common_all.o)
timer_set_disabled_off_state_in_run_mode          ../libopencm3/lib/libopencm3_stm32f4.a(timer_common_all.o)
timer_set_dma_on_compare_event                    ../libopencm3/lib/libopencm3_stm32f4.a(timer_common_all.o)
timer_set_dma_on_update_event                     ../libopencm3/lib/libopencm3_stm32f4.a(timer_common_all.o)
timer_set_enabled_off_state_in_idle_mode          ../libopencm3/lib/libopencm3_stm32f4.a(timer_common_all.o)
timer_set_enabled_off_state_in_run_mode           ../libopencm3/lib/libopencm3_stm32f4.a(timer_common_all.o)
timer_set_master_mode                             ../libopencm3/lib/libopencm3_stm32f4.a(timer_common_all.o)
timer_set_mode                                    ../libopencm3/lib/libopencm3_stm32f4.a(timer_common_all.o)
                                                  src/timer.o
timer_set_oc_fast_mode                            ../libopencm3/lib/libopencm3_stm32f4.a(timer_common_all.o)
timer_set_oc_idle_state_set                       ../libopencm3/lib/libopencm3_stm32f4.a(timer_common_all.o)
timer_set_oc_idle_state_unset                     ../libopencm3/lib/libopencm3_stm32f4.a(timer_common_all.o)
timer_set_oc_mode                                 ../libopencm3/lib/libopencm3_stm32f4.a(timer_common_all.o)
                                                  src/timer.o
timer_set_oc_polarity_high                        ../libopencm3/lib/libopencm3_stm32f4.a(timer_common_all.o)
timer_set_oc_polarity_low                         ../libopencm3/lib/libopencm3_stm32f4.a(timer_common_all.o)
timer_set_oc_slow_mode                            ../libopencm3/lib/libopencm3_stm32f4.a(timer_common_all.o)
timer_set_oc_value                                ../libopencm3/lib/libopencm3_stm32f4.a(timer_common_all.o)
                                                  src/timer.o
timer_set_output_idle_state                       ../libopencm3/lib/libopencm3_stm32f4.a(timer_common_all.o)
timer_set_period                                  ../libopencm3/lib/libopencm3_stm32f4.a(timer_common_all.o)
                                                  src/timer.o
timer_set_prescaler                               ../libopencm3/lib/libopencm3_stm32f4.a(timer_common_all.o)
                                                  src/timer.o
timer_set_repetition_counter                      ../libopencm3/lib/libopencm3_stm32f4.a(timer_common_all.o)
timer_set_ti1_ch1                                 ../libopencm3/lib/libopencm3_stm32f4.a(timer_common_all.o)
timer_set_ti1_ch123_xor                           ../libopencm3/lib/libopencm3_stm32f4.a(timer_common_all.o)
timer_setup                                       src/timer.o
                                                  src/firmware.o
timer_slave_set_extclockmode2                     ../libopencm3/lib/libopencm3_stm32f4.a(timer_common_all.o)
timer_slave_set_filter                            ../libopencm3/lib/libopencm3_stm32f4.a(timer_common_all.o)
timer_slave_set_mode                              ../libopencm3/lib/libopencm3_stm32f4.a(timer_common_all.o)
timer_slave_set_polarity                          ../libopencm3/lib/libopencm3_stm32f4.a(timer_common_all.o)
timer_slave_set_prescaler                         ../libopencm3/lib/libopencm3_stm32f4.a(timer_common_all.o)
timer_slave_set_trigger                           ../libopencm3/lib/libopencm3_stm32f4.a(timer_common_all.o)
timer_update_on_any                               ../libopencm3/lib/libopencm3_stm32f4.a(timer_common_all.o)
timer_update_on_overflow                          ../libopencm3/lib/libopencm3_stm32f4.a(timer_common_all.o)
uart4_isr                                         ../libopencm3/lib/libopencm3_stm32f4.a(vector.o)
uart5_isr                                         ../libopencm3/lib/libopencm3_stm32f4.a(vector.o)
uart7_isr                                         ../libopencm3/lib/libopencm3_stm32f4.a(vector.o)
uart8_isr                                         ../libopencm3/lib/libopencm3_stm32f4.a(vector.o)
uart_data_available                               ../shared/src/core/uart.o
                                                  src/firmware.o
uart_read                                         ../shared/src/core/uart.o
uart_read_byte                                    ../shared/src/core/uart.o
                                                  src/firmware.o
uart_setup                                        ../shared/src/core/uart.o
                                                  src/firmware.o
uart_write                                        ../shared/src/core/uart.o
uart_write_byte                                   ../shared/src/core/uart.o
                                                  src/firmware.o
usage_fault_handler                               ../libopencm3/lib/libopencm3_stm32f4.a(vector.o)
usart1_isr                                        ../shared/src/core/uart.o
usart2_isr                                        ../libopencm3/lib/libopencm3_stm32f4.a(vector.o)
usart3_isr                                        ../libopencm3/lib/libopencm3_stm32f4.a(vector.o)
usart6_isr                                        ../libopencm3/lib/libopencm3_stm32f4.a(vector.o)
usart_disable                                     ../libopencm3/lib/libopencm3_stm32f4.a(usart_common_all.o)
usart_disable_error_interrupt                     ../libopencm3/lib/libopencm3_stm32f4.a(usart_common_all.o)
usart_disable_idle_interrupt                      ../libopencm3/lib/libopencm3_stm32f4.a(usart_common_all.o)
usart_disable_rx_dma                              ../libopencm3/lib/libopencm3_stm32f4.a(usart_common_all.o)
usart_disable_rx_interrupt                        ../libopencm3/lib/libopencm3_stm32f4.a(usart_common_all.o)
usart_disable_tx_complete_interrupt               ../libopencm3/lib/libopencm3_stm32f4.a(usart_common_all.o)
usart_disable_tx_dma                              ../libopencm3/lib/libopencm3_stm32f4.a(usart_common_all.o)
usart_disable_tx_interrupt                        ../libopencm3/lib/libopencm3_stm32f4.a(usart_common_all.o)
usart_enable                                      ../libopencm3/lib/libopencm3_stm32f4.a(usart_common_all.o)
                                                  ../shared/src/core/uart.o
usart_enable_error_interrupt                      ../libopencm3/lib/libopencm3_stm32f4.a(usart_common_all.o)
usart_enable_idle_interrupt                       ../libopencm3/lib/libopencm3_stm32f4.a(usart_common_all.o)
usart_enable_rx_dma                               ../libopencm3/lib/libopencm3_stm32f4.a(usart_common_all.o)
usart_enable_rx_interrupt                         ../libopencm3/lib/libopencm3_stm32f4.a(usart_common_all.o)
                                                  ../shared/src/core/uart.o
usart_enable_tx_complete_interrupt                ../libopencm3/lib/libopencm3_stm32f4.a(usart_common_all.o)
usart_enable_tx_dma                               ../libopencm3/lib/libopencm3_stm32f4.a(usart_common_all.o)
usart_enable_tx_interrupt                         ../libopencm3/lib/libopencm3_stm32f4.a(usart_common_all.o)
usart_get_databits                                ../libopencm3/lib/libopencm3_stm32f4.a(usart_common_all.o)
usart_get_flag                                    ../libopencm3/lib/libopencm3_stm32f4.a(usart_common_f124.o)
                                                  ../shared/src/core/uart.o
usart_get_parity                                  ../libopencm3/lib/libopencm3_stm32f4.a(usart_common_all.o)
usart_get_stopbits                                ../libopencm3/lib/libopencm3_stm32f4.a(usart_common_all.o)
usart_recv                                        ../libopencm3/lib/libopencm3_stm32f4.a(usart_common_f124.o)
                                                  ../libopencm3/lib/libopencm3_stm32f4.a(usart_common_all.o)
                                                  ../shared/src/core/uart.o
usart_recv_blocking                               ../libopencm3/lib/libopencm3_stm32f4.a(usart_common_all.o)
usart_send                                        ../libopencm3/lib/libopencm3_stm32f4.a(usart_common_f124.o)
                                                  ../libopencm3/lib/libopencm3_stm32f4.a(usart_common_all.o)
usart_send_blocking                               ../libopencm3/lib/libopencm3_stm32f4.a(usart_common_all.o)
                                                  ../shared/src/core/uart.o
usart_set_baudrate                                ../libopencm3/lib/libopencm3_stm32f4.a(usart_common_all.o)
                                                  ../shared/src/core/uart.o
usart_set_databits                                ../libopencm3/lib/libopencm3_stm32f4.a(usart_common_all.o)
                                                  ../shared/src/core/uart.o
usart_set_flow_control                            ../libopencm3/lib/libopencm3_stm32f4.a(usart_common_all.o)
                                                  ../shared/src/core/uart.o
usart_set_mode                                    ../libopencm3/lib/libopencm3_stm32f4.a(usart_common_all.o)
                                                  ../shared/src/core/uart.o
usart_set_parity                                  ../libopencm3/lib/libopencm3_stm32f4.a(usart_common_all.o)
                                                  ../shared/src/core/uart.o
usart_set_stopbits                                ../libopencm3/lib/libopencm3_stm32f4.a(usart_common_all.o)
                                                  ../shared/src/core/uart.o
usart_wait_recv_ready                             ../libopencm3/lib/libopencm3_stm32f4.a(usart_common_f124.o)
                                                  ../libopencm3/lib/libopencm3_stm32f4.a(usart_common_all.o)
usart_wait_send_ready                             ../libopencm3/lib/libopencm3_stm32f4.a(usart_common_f124.o)
                                                  ../libopencm3/lib/libopencm3_stm32f4.a(usart_common_all.o)
usb_fs_wkup_isr                                   ../libopencm3/lib/libopencm3_stm32f4.a(vector.o)
vector_table                                      ../libopencm3/lib/libopencm3_stm32f4.a(vector.o)
