Archive member included to satisfy reference by file (symbol)

../libopencm3/lib/libopencm3_stm32f4.a(gpio_common_all.o)
                              src/firmware.o (gpio_toggle)
../libopencm3/lib/libopencm3_stm32f4.a(gpio_common_f0234.o)
                              src/core/system.o (gpio_mode_setup)
../libopencm3/lib/libopencm3_stm32f4.a(rcc_common_all.o)
                              src/core/system.o (rcc_periph_clock_enable)
../libopencm3/lib/libopencm3_stm32f4.a(rcc.o)
                              src/core/system.o (rcc_clock_setup_pll)
../libopencm3/lib/libopencm3_stm32f4.a(timer_common_all.o)
                              src/core/timer.o (timer_set_mode)
../libopencm3/lib/libopencm3_stm32f4.a(vector.o)
                              (reset_handler)
../libopencm3/lib/libopencm3_stm32f4.a(systick.o)
                              src/core/system.o (systick_set_frequency)
../libopencm3/lib/libopencm3_stm32f4.a(flash_common_all.o)
                              ../libopencm3/lib/libopencm3_stm32f4.a(rcc.o) (flash_set_ws)
../libopencm3/lib/libopencm3_stm32f4.a(flash_common_idcache.o)
                              ../libopencm3/lib/libopencm3_stm32f4.a(rcc.o) (flash_dcache_enable)
../libopencm3/lib/libopencm3_stm32f4.a(pwr.o)
                              ../libopencm3/lib/libopencm3_stm32f4.a(rcc.o) (pwr_set_vos_scale)

Discarded input sections

 .group         0x00000000        0xc src/firmware.o
 .group         0x00000000        0xc src/firmware.o
 .group         0x00000000        0xc src/firmware.o
 .group         0x00000000        0xc src/firmware.o
 .group         0x00000000        0xc src/firmware.o
 .group         0x00000000        0xc src/firmware.o
 .group         0x00000000        0xc src/firmware.o
 .group         0x00000000        0xc src/firmware.o
 .group         0x00000000        0xc src/firmware.o
 .group         0x00000000        0xc src/firmware.o
 .group         0x00000000        0xc src/firmware.o
 .group         0x00000000        0xc src/firmware.o
 .group         0x00000000        0xc src/firmware.o
 .group         0x00000000        0xc src/firmware.o
 .group         0x00000000        0xc src/firmware.o
 .text          0x00000000        0x0 src/firmware.o
 .data          0x00000000        0x0 src/firmware.o
 .bss           0x00000000        0x0 src/firmware.o
 .group         0x00000000        0xc src/core/system.o
 .group         0x00000000        0xc src/core/system.o
 .group         0x00000000        0xc src/core/system.o
 .group         0x00000000        0xc src/core/system.o
 .group         0x00000000        0xc src/core/system.o
 .group         0x00000000        0xc src/core/system.o
 .group         0x00000000        0xc src/core/system.o
 .group         0x00000000        0xc src/core/system.o
 .group         0x00000000        0xc src/core/system.o
 .group         0x00000000        0xc src/core/system.o
 .group         0x00000000        0xc src/core/system.o
 .group         0x00000000        0xc src/core/system.o
 .group         0x00000000        0xc src/core/system.o
 .group         0x00000000        0xc src/core/system.o
 .group         0x00000000        0xc src/core/system.o
 .group         0x00000000        0xc src/core/system.o
 .group         0x00000000        0xc src/core/system.o
 .group         0x00000000        0xc src/core/system.o
 .group         0x00000000        0xc src/core/system.o
 .group         0x00000000        0xc src/core/system.o
 .group         0x00000000        0xc src/core/system.o
 .group         0x00000000        0xc src/core/system.o
 .text          0x00000000        0x0 src/core/system.o
 .data          0x00000000        0x0 src/core/system.o
 .bss           0x00000000        0x0 src/core/system.o
 .debug_macro   0x00000000      0xacc src/core/system.o
 .debug_macro   0x00000000       0x22 src/core/system.o
 .debug_macro   0x00000000       0x56 src/core/system.o
 .debug_macro   0x00000000       0x51 src/core/system.o
 .debug_macro   0x00000000      0x103 src/core/system.o
 .debug_macro   0x00000000       0x6a src/core/system.o
 .debug_macro   0x00000000      0x1df src/core/system.o
 .debug_macro   0x00000000       0x22 src/core/system.o
 .debug_macro   0x00000000       0x76 src/core/system.o
 .debug_macro   0x00000000      0x280 src/core/system.o
 .debug_macro   0x00000000       0x76 src/core/system.o
 .debug_macro   0x00000000      0x37e src/core/system.o
 .debug_macro   0x00000000       0xca src/core/system.o
 .debug_macro   0x00000000       0x28 src/core/system.o
 .group         0x00000000        0xc src/core/timer.o
 .group         0x00000000        0xc src/core/timer.o
 .group         0x00000000        0xc src/core/timer.o
 .group         0x00000000        0xc src/core/timer.o
 .group         0x00000000        0xc src/core/timer.o
 .group         0x00000000        0xc src/core/timer.o
 .group         0x00000000        0xc src/core/timer.o
 .group         0x00000000        0xc src/core/timer.o
[...]
Memory Configuration

Name             Origin             Length             Attributes
rom              0x08000000         0x00080000         xr
ram              0x20000000         0x00018000         xrw
*default*        0x00000000         0xffffffff

Linker script and memory map

LOAD src/firmware.o
LOAD src/core/system.o
LOAD src/core/timer.o
LOAD ../libopencm3/lib/libopencm3_stm32f4.a
START GROUP
LOAD /Applications/ArmGNUToolchain/13.3.rel1/arm-none-eabi/bin/../lib/gcc/arm-none-eabi/13.3.1/../../../../arm-none-eabi/lib/thumb/v7e-m+fp/hard/libc.a
LOAD /Applications/ArmGNUToolchain/13.3.rel1/arm-none-eabi/bin/../lib/gcc/arm-none-eabi/13.3.1/thumb/v7e-m+fp/hard/libgcc.a
LOAD /Applications/ArmGNUToolchain/13.3.rel1/arm-none-eabi/bin/../lib/gcc/arm-none-eabi/13.3.1/../../../../arm-none-eabi/lib/thumb/v7e-m+fp/hard/libnosys.a
END GROUP
START GROUP
LOAD /Applications/ArmGNUToolchain/13.3.rel1/arm-none-eabi/bin/../lib/gcc/arm-none-eabi/13.3.1/thumb/v7e-m+fp/hard/libgcc.a
LOAD /Applications/ArmGNUToolchain/13.3.rel1/arm-none-eabi/bin/../lib/gcc/arm-none-eabi/13.3.1/../../../../arm-none-eabi/lib/thumb/v7e-m+fp/hard/libg.a
LOAD /Applications/ArmGNUToolchain/13.3.rel1/arm-none-eabi/bin/../lib/gcc/arm-none-eabi/13.3.1/../../../../arm-none-eabi/lib/thumb/v7e-m+fp/hard/libc.a
END GROUP

.text           0x08000000      0xb4c
 *(.bootloader_section)
 *(.vectors)
 .vectors       0x08000000      0x1ac ../libopencm3/lib/libopencm3_stm32f4.a(vector.o)
                0x08000000                vector_table
                0x080001b0                        . = ALIGN (0x10)
 *fill*         0x080001ac        0x4 
 *(.firmware_info)
 *(.firmware_signature)
 *(.text*)
 .text.startup.main
                0x080001b0       0x9c src/firmware.o
                0x080001b0                main
 .text.sys_tick_handler
                0x0800024c       0x18 src/core/system.o
                0x0800024c                sys_tick_handler
 .text.system_get_ticks
                0x08000264        0xc src/core/system.o
                0x08000264                system_get_ticks
 .text.system_setup
                0x08000270       0x64 src/core/system.o
                0x08000270                system_setup
 .text.timer_setup
                0x080002d4       0x50 src/core/timer.o
                0x080002d4                timer_setup
 .text.timer_pwm_set_duty_cycle
                0x08000324       0x2c src/core/timer.o
                0x08000324                timer_pwm_set_duty_cycle
 .text.gpio_toggle
                0x08000350       0x12 ../libopencm3/lib/libopencm3_stm32f4.a(gpio_common_all.o)
                0x08000350                gpio_toggle
 .text.gpio_mode_setup
                0x08000362       0x40 ../libopencm3/lib/libopencm3_stm32f4.a(gpio_common_f0234.o)
                0x08000362                gpio_mode_setup
 .text.gpio_set_af
                0x080003a2       0x58 ../libopencm3/lib/libopencm3_stm32f4.a(gpio_common_f0234.o)
                0x080003a2                gpio_set_af
 .text.rcc_periph_clock_enable
                0x080003fa       0x1a ../libopencm3/lib/libopencm3_stm32f4.a(rcc_common_all.o)
                0x080003fa                rcc_periph_clock_enable
 .text.rcc_is_osc_ready
                0x08000414       0x64 ../libopencm3/lib/libopencm3_stm32f4.a(rcc.o)
                0x08000414                rcc_is_osc_ready
 .text.rcc_wait_for_osc_ready
                0x08000478       0x10 ../libopencm3/lib/libopencm3_stm32f4.a(rcc.o)
                0x08000478                rcc_wait_for_osc_ready
 .text.rcc_osc_on
                0x08000488       0x74 ../libopencm3/lib/libopencm3_stm32f4.a(rcc.o)
                0x08000488                rcc_osc_on
 .text.rcc_osc_off
                0x080004fc       0x74 ../libopencm3/lib/libopencm3_stm32f4.a(rcc.o)
                0x080004fc                rcc_osc_off
 .text.rcc_set_sysclk_source
                0x08000570       0x18 ../libopencm3/lib/libopencm3_stm32f4.a(rcc.o)
                0x08000570                rcc_set_sysclk_source
 .text.rcc_set_ppre2
                0x08000588       0x18 ../libopencm3/lib/libopencm3_stm32f4.a(rcc.o)
                0x08000588                rcc_set_ppre2
 .text.rcc_set_ppre1
                0x080005a0       0x18 ../libopencm3/lib/libopencm3_stm32f4.a(rcc.o)
                0x080005a0                rcc_set_ppre1
 .text.rcc_set_hpre
                0x080005b8       0x18 ../libopencm3/lib/libopencm3_stm32f4.a(rcc.o)
                0x080005b8                rcc_set_hpre
 .text.rcc_set_main_pll_hsi
                0x080005d0       0x44 ../libopencm3/lib/libopencm3_stm32f4.a(rcc.o)
                0x080005d0                rcc_set_main_pll_hsi
 .text.rcc_set_main_pll_hse
                0x08000614       0x44 ../libopencm3/lib/libopencm3_stm32f4.a(rcc.o)
                0x08000614                rcc_set_main_pll_hse
 .text.rcc_clock_setup_pll
                0x08000658       0xe4 ../libopencm3/lib/libopencm3_stm32f4.a(rcc.o)
                0x08000658                rcc_clock_setup_pll
 .text.timer_set_mode
                0x0800073c       0x12 ../libopencm3/lib/libopencm3_stm32f4.a(timer_common_all.o)
                0x0800073c                timer_set_mode
 .text.timer_enable_counter
                0x0800074e        0xa ../libopencm3/lib/libopencm3_stm32f4.a(timer_common_all.o)
                0x0800074e                timer_enable_counter
 .text.timer_set_prescaler
                0x08000758        0x4 ../libopencm3/lib/libopencm3_stm32f4.a(timer_common_all.o)
                0x08000758                timer_set_prescaler
 .text.timer_set_period
                0x0800075c        0x4 ../libopencm3/lib/libopencm3_stm32f4.a(timer_common_all.o)
                0x0800075c                timer_set_period
 .text.timer_set_oc_mode
                0x08000760      0x18c ../libopencm3/lib/libopencm3_stm32f4.a(timer_common_all.o)
                0x08000760                timer_set_oc_mode
 .text.timer_enable_oc_output
                0x080008ec       0x4a ../libopencm3/lib/libopencm3_stm32f4.a(timer_common_all.o)
                0x080008ec                timer_enable_oc_output
 .text.timer_set_oc_value
                0x08000936       0x20 ../libopencm3/lib/libopencm3_stm32f4.a(timer_common_all.o)
                0x08000936                timer_set_oc_value
 .text.blocking_handler
                0x08000956        0x2 ../libopencm3/lib/libopencm3_stm32f4.a(vector.o)
                0x08000956                exti0_isr
                0x08000956                tim8_brk_tim12_isr
                0x08000956                dma1_stream7_isr
                0x08000956                usart3_isr
                0x08000956                tim7_isr
                0x08000956                dma2d_isr
                0x08000956                uart8_isr
                0x08000956                dma1_stream2_isr
                0x08000956                otg_hs_isr
                0x08000956                blocking_handler
                0x08000956                tim5_isr
                0x08000956                rtc_wkup_isr
                0x08000956                otg_fs_isr
                0x08000956                spi1_isr
                0x08000956                i2c3_er_isr
                0x08000956                exti2_isr
                0x08000956                spi5_isr
                0x08000956                usb_fs_wkup_isr
                0x08000956                tamp_stamp_isr
                0x08000956                can1_rx1_isr
                0x08000956                dma2_stream0_isr
                0x08000956                usart1_isr
                0x08000956                i2c3_ev_isr
                0x08000956                usage_fault_handler
                0x08000956                can2_rx0_isr
                0x08000956                dma1_stream6_isr
                0x08000956                can2_rx1_isr
                0x08000956                can1_sce_isr
                0x08000956                tim1_cc_isr
                0x08000956                can1_tx_isr
                0x08000956                tim1_up_tim10_isr
                0x08000956                sdio_isr
                0x08000956                eth_isr
                0x08000956                spi6_isr
                0x08000956                dma2_stream5_isr
                0x08000956                pvd_isr
                0x08000956                can1_rx0_isr
                0x08000956                rcc_isr
                0x08000956                dma2_stream3_isr
                0x08000956                flash_isr
                0x08000956                uart4_isr
                0x08000956                lcd_tft_isr
                0x08000956                rtc_alarm_isr
                0x08000956                exti15_10_isr
                0x08000956                hash_rng_isr
                0x08000956                tim1_trg_com_tim11_isr
                0x08000956                hard_fault_handler
                0x08000956                exti1_isr
                0x08000956                i2c1_ev_isr
                0x08000956                usart6_isr
                0x08000956                spi2_isr
                0x08000956                cryp_isr
                0x08000956                nvic_wwdg_isr
                0x08000956                dma1_stream1_isr
                0x08000956                dma2_stream4_isr
                0x08000956                exti3_isr
                0x08000956                tim3_isr
                0x08000956                usart2_isr
                0x08000956                sai1_isr
                0x08000956                fpu_isr
                0x08000956                dma1_stream4_isr
                0x08000956                i2c2_er_isr
                0x08000956                i2c2_ev_isr
                0x08000956                uart5_isr
                0x08000956                dma2_stream6_isr
                0x08000956                spi4_isr
                0x08000956                adc_isr
                0x08000956                dma2_stream7_isr
                0x08000956                tim8_up_tim13_isr
                0x08000956                fsmc_isr
                0x08000956                exti4_isr
                0x08000956                tim6_dac_isr
                0x08000956                dma1_stream3_isr
                0x08000956                tim8_trg_com_tim14_isr
                0x08000956                mem_manage_handler
                0x08000956                lcd_tft_err_isr
                0x08000956                can2_tx_isr
                0x08000956                exti9_5_isr
                0x08000956                tim1_brk_tim9_isr
                0x08000956                uart7_isr
                0x08000956                can2_sce_isr
                0x08000956                tim4_isr
                0x08000956                otg_hs_wkup_isr
                0x08000956                i2c1_er_isr
                0x08000956                dma1_stream0_isr
                0x08000956                tim8_cc_isr
                0x08000956                dcmi_isr
                0x08000956                dma2_stream2_isr
                0x08000956                eth_wkup_isr
                0x08000956                bus_fault_handler
                0x08000956                otg_hs_ep1_out_isr
                0x08000956                spi3_isr
                0x08000956                dma1_stream5_isr
                0x08000956                otg_hs_ep1_in_isr
                0x08000956                tim2_isr
                0x08000956                dma2_stream1_isr
 .text.null_handler
                0x08000958        0x2 ../libopencm3/lib/libopencm3_stm32f4.a(vector.o)
                0x08000958                null_handler
                0x08000958                sv_call_handler
                0x08000958                pend_sv_handler
                0x08000958                debug_monitor_handler
                0x08000958                nmi_handler
 *fill*         0x0800095a        0x2 
 .text.reset_handler
                0x0800095c       0xa0 ../libopencm3/lib/libopencm3_stm32f4.a(vector.o)
                0x0800095c                reset_handler
 .text.systick_set_clocksource
                0x080009fc       0x14 ../libopencm3/lib/libopencm3_stm32f4.a(systick.o)
                0x080009fc                systick_set_clocksource
 .text.systick_set_frequency
                0x08000a10       0x38 ../libopencm3/lib/libopencm3_stm32f4.a(systick.o)
                0x08000a10                systick_set_frequency
 .text.systick_interrupt_enable
                0x08000a48        0xe ../libopencm3/lib/libopencm3_stm32f4.a(systick.o)
                0x08000a48                systick_interrupt_enable
 .text.systick_counter_enable
                0x08000a56        0xe ../libopencm3/lib/libopencm3_stm32f4.a(systick.o)
                0x08000a56                systick_counter_enable
 .text.flash_set_ws
                0x08000a64       0x18 ../libopencm3/lib/libopencm3_stm32f4.a(flash_common_all.o)
                0x08000a64                flash_set_ws
 .text.flash_dcache_enable
                0x08000a7c       0x14 ../libopencm3/lib/libopencm3_stm32f4.a(flash_common_idcache.o)
                0x08000a7c                flash_dcache_enable
 .text.flash_dcache_disable
                0x08000a90       0x14 ../libopencm3/lib/libopencm3_stm32f4.a(flash_common_idcache.o)
                0x08000a90                flash_dcache_disable
 .text.flash_icache_enable
                0x08000aa4       0x14 ../libopencm3/lib/libopencm3_stm32f4.a(flash_common_idcache.o)
                0x08000aa4                flash_icache_enable
 .text.flash_icache_disable
                0x08000ab8       0x14 ../libopencm3/lib/libopencm3_stm32f4.a(flash_common_idcache.o)
                0x08000ab8                flash_icache_disable
 .text.pwr_set_vos_scale
                0x08000acc       0x10 ../libopencm3/lib/libopencm3_stm32f4.a(pwr.o)
                0x08000acc                pwr_set_vos_scale
                0x08000adc                        . = ALIGN (0x4)
 *(.rodata*)
 .rodata.rcc_hsi_configs
                0x08000adc       0x70 ../libopencm3/lib/libopencm3_stm32f4.a(rcc.o)
                0x08000adc                rcc_hsi_configs
                0x08000b4c                        . = ALIGN (0x4)

.glue_7         0x08000b4c        0x0
 .glue_7        0x08000b4c        0x0 linker stubs

.glue_7t        0x08000b4c        0x0
 .glue_7t       0x08000b4c        0x0 linker stubs

.vfp11_veneer   0x08000b4c        0x0
 .vfp11_veneer  0x08000b4c        0x0 linker stubs

.v4_bx          0x08000b4c        0x0
 .v4_bx         0x08000b4c        0x0 linker stubs

.iplt           0x08000b4c        0x0
 .iplt          0x08000b4c        0x0 src/firmware.o

.rel.dyn        0x08000b4c        0x0
 .rel.iplt      0x08000b4c        0x0 src/firmware.o

.preinit_array  0x08000b4c        0x0
                0x08000b4c                        . = ALIGN (0x4)
                0x08000b4c                        __preinit_array_start = .
 *(.preinit_array)
                0x08000b4c                        __preinit_array_end = .

.init_array     0x08000b4c        0x0
                0x08000b4c                        . = ALIGN (0x4)
                0x08000b4c                        __init_array_start = .
 *(SORT_BY_NAME(.init_array.*))
 *(.init_array)
                0x08000b4c                        __init_array_end = .

.fini_array     0x08000b4c        0x0
                0x08000b4c                        . = ALIGN (0x4)
                0x08000b4c                        __fini_array_start = .
 *(.fini_array)
 *(SORT_BY_NAME(.fini_array.*))
                0x08000b4c                        __fini_array_end = .

.ARM.extab
 *(.ARM.extab*)

.ARM.exidx      0x08000b4c        0x0
                0x08000b4c                        __exidx_start = .
 *(.ARM.exidx*)
                0x08000b4c                        __exidx_end = .
                0x08000b4c                        . = ALIGN (0x4)
                0x08000b4c                        _etext = .

.noinit
 *(.noinit*)
                0x08000b4c                        . = ALIGN (0x4)

.data           0x20000000        0xc load address 0x08000b4c
                0x20000000                        _data = .
 *(.data*)
 .data.rcc_apb2_frequency
                0x20000000        0x4 ../libopencm3/lib/libopencm3_stm32f4.a(rcc.o)
                0x20000000                rcc_apb2_frequency
 .data.rcc_apb1_frequency
                0x20000004        0x4 ../libopencm3/lib/libopencm3_stm32f4.a(rcc.o)
                0x20000004                rcc_apb1_frequency
 .data.rcc_ahb_frequency
                0x20000008        0x4 ../libopencm3/lib/libopencm3_stm32f4.a(rcc.o)
                0x20000008                rcc_ahb_frequency
 *(.ramtext*)
                0x2000000c                        . = ALIGN (0x4)
                0x2000000c                        _edata = .
                0x08000b4c                        _data_loadaddr = LOADADDR (.data)

.igot.plt       0x2000000c        0x0 load address 0x08000b58
 .igot.plt      0x2000000c        0x0 src/firmware.o

.bss            0x20000010        0x8 load address 0x08000b58
 *(.bss*)
 .bss.ticks     0x20000010        0x8 src/core/system.o
 *(COMMON)
                0x20000018                        . = ALIGN (0x4)
                0x20000018                        _ebss = .

/DISCARD/
 *(.eh_frame)
                0x20000018                        . = ALIGN (0x4)
                0x20000018                        end = .
                0x20018000                        PROVIDE (_stack = (ORIGIN (ram) + LENGTH (ram)))
OUTPUT(firmware.elf elf32-littlearm)
LOAD linker stubs

.debug_info     0x00000000     0x4700
 .debug_info    0x00000000      0x1e8 src/firmware.o
 .debug_info    0x000001e8      0x856 src/core/system.o
 .debug_info    0x00000a3e      0x755 src/core/timer.o
 .debug_info    0x00001193      0x256 ../libopencm3/lib/libopencm3_stm32f4.a(gpio_common_all.o)
 .debug_info    0x000013e9      0x21b ../libopencm3/lib/libopencm3_stm32f4.a(gpio_common_f0234.o)
 .debug_info    0x00001604      0x932 ../libopencm3/lib/libopencm3_stm32f4.a(rcc_common_all.o)
 .debug_info    0x00001f36      0xfa1 ../libopencm3/lib/libopencm3_stm32f4.a(rcc.o)
 .debug_info    0x00002ed7     0x1004 ../libopencm3/lib/libopencm3_stm32f4.a(timer_common_all.o)
 .debug_info    0x00003edb      0x2d9 ../libopencm3/lib/libopencm3_stm32f4.a(vector.o)
 .debug_info    0x000041b4      0x28f ../libopencm3/lib/libopencm3_stm32f4.a(systick.o)
 .debug_info    0x00004443       0xf1 ../libopencm3/lib/libopencm3_stm32f4.a(flash_common_all.o)
 .debug_info    0x00004534       0xe9 ../libopencm3/lib/libopencm3_stm32f4.a(flash_common_idcache.o)
 .debug_info    0x0000461d       0xe3 ../libopencm3/lib/libopencm3_stm32f4.a(pwr.o)

.debug_abbrev   0x00000000     0x1035
 .debug_abbrev  0x00000000      0x100 src/firmware.o
 .debug_abbrev  0x00000100      0x209 src/core/system.o
 .debug_abbrev  0x00000309      0x11a src/core/timer.o
 .debug_abbrev  0x00000423      0x115 ../libopencm3/lib/libopencm3_stm32f4.a(gpio_common_all.o)
 .debug_abbrev  0x00000538       0xc2 ../libopencm3/lib/libopencm3_stm32f4.a(gpio_common_f0234.o)
 .debug_abbrev  0x000005fa      0x185 ../libopencm3/lib/libopencm3_stm32f4.a(rcc_common_all.o)
 .debug_abbrev  0x0000077f      0x2da ../libopencm3/lib/libopencm3_stm32f4.a(rcc.o)
 .debug_abbrev  0x00000a59      0x1ac ../libopencm3/lib/libopencm3_stm32f4.a(timer_common_all.o)
 .debug_abbrev  0x00000c05      0x15f ../libopencm3/lib/libopencm3_stm32f4.a(vector.o)
 .debug_abbrev  0x00000d64      0x14e ../libopencm3/lib/libopencm3_stm32f4.a(systick.o)
 .debug_abbrev  0x00000eb2       0x96 ../libopencm3/lib/libopencm3_stm32f4.a(flash_common_all.o)
 .debug_abbrev  0x00000f48       0x56 ../libopencm3/lib/libopencm3_stm32f4.a(flash_common_idcache.o)
 .debug_abbrev  0x00000f9e       0x97 ../libopencm3/lib/libopencm3_stm32f4.a(pwr.o)

.debug_loclists
                0x00000000      0xc9f
 .debug_loclists
                0x00000000       0x7b src/firmware.o
 .debug_loclists
                0x0000007b       0x84 src/core/timer.o
 .debug_loclists
                0x000000ff       0x96 ../libopencm3/lib/libopencm3_stm32f4.a(gpio_common_all.o)
 .debug_loclists
                0x00000195       0xf9 ../libopencm3/lib/libopencm3_stm32f4.a(gpio_common_f0234.o)
 .debug_loclists
                0x0000028e       0x87 ../libopencm3/lib/libopencm3_stm32f4.a(rcc_common_all.o)
 .debug_loclists
                0x00000315      0x52f ../libopencm3/lib/libopencm3_stm32f4.a(rcc.o)
 .debug_loclists
                0x00000844      0x1d5 ../libopencm3/lib/libopencm3_stm32f4.a(timer_common_all.o)
 .debug_loclists
                0x00000a19       0xb6 ../libopencm3/lib/libopencm3_stm32f4.a(vector.o)
 .debug_loclists
                0x00000acf      0x192 ../libopencm3/lib/libopencm3_stm32f4.a(systick.o)
 .debug_loclists
                0x00000c61       0x17 ../libopencm3/lib/libopencm3_stm32f4.a(flash_common_all.o)
 .debug_loclists
                0x00000c78       0x27 ../libopencm3/lib/libopencm3_stm32f4.a(pwr.o)

.debug_aranges  0x00000000      0x648
 .debug_aranges
                0x00000000       0x20 src/firmware.o
 .debug_aranges
                0x00000020       0x30 src/core/system.o
 .debug_aranges
                0x00000050       0x28 src/core/timer.o
 .debug_aranges
                0x00000078       0x50 ../libopencm3/lib/libopencm3_stm32f4.a(gpio_common_all.o)
 .debug_aranges
                0x000000c8       0x30 ../libopencm3/lib/libopencm3_stm32f4.a(gpio_common_f0234.o)
 .debug_aranges
                0x000000f8       0x80 ../libopencm3/lib/libopencm3_stm32f4.a(rcc_common_all.o)
 .debug_aranges
                0x00000178      0x110 ../libopencm3/lib/libopencm3_stm32f4.a(rcc.o)
 .debug_aranges
                0x00000288      0x278 ../libopencm3/lib/libopencm3_stm32f4.a(timer_common_all.o)
 .debug_aranges
                0x00000500       0x30 ../libopencm3/lib/libopencm3_stm32f4.a(vector.o)
 .debug_aranges
                0x00000530       0x78 ../libopencm3/lib/libopencm3_stm32f4.a(systick.o)
 .debug_aranges
                0x000005a8       0x38 ../libopencm3/lib/libopencm3_stm32f4.a(flash_common_all.o)
 .debug_aranges
                0x000005e0       0x48 ../libopencm3/lib/libopencm3_stm32f4.a(flash_common_idcache.o)
 .debug_aranges
                0x00000628       0x20 ../libopencm3/lib/libopencm3_stm32f4.a(pwr.o)

.debug_rnglists
                0x00000000      0x4d0
 .debug_rnglists
                0x00000000       0x20 src/firmware.o
 .debug_rnglists
                0x00000020       0x46 src/core/system.o
 .debug_rnglists
                0x00000066       0x19 src/core/timer.o
 .debug_rnglists
                0x0000007f       0x37 ../libopencm3/lib/libopencm3_stm32f4.a(gpio_common_all.o)
 .debug_rnglists
                0x000000b6       0x1f ../libopencm3/lib/libopencm3_stm32f4.a(gpio_common_f0234.o)
 .debug_rnglists
                0x000000d5       0x5b ../libopencm3/lib/libopencm3_stm32f4.a(rcc_common_all.o)
 .debug_rnglists
                0x00000130       0xe0 ../libopencm3/lib/libopencm3_stm32f4.a(rcc.o)
 .debug_rnglists
                0x00000210      0x1d6 ../libopencm3/lib/libopencm3_stm32f4.a(timer_common_all.o)
 .debug_rnglists
                0x000003e6       0x20 ../libopencm3/lib/libopencm3_stm32f4.a(vector.o)
 .debug_rnglists
                0x00000406       0x61 ../libopencm3/lib/libopencm3_stm32f4.a(systick.o)
 .debug_rnglists
                0x00000467       0x25 ../libopencm3/lib/libopencm3_stm32f4.a(flash_common_all.o)
 .debug_rnglists
                0x0000048c       0x31 ../libopencm3/lib/libopencm3_stm32f4.a(flash_common_idcache.o)
 .debug_rnglists
                0x000004bd       0x13 ../libopencm3/lib/libopencm3_stm32f4.a(pwr.o)

.debug_macro    0x00000000     0x4b4d
 .debug_macro   0x00000000       0xdd src/firmware.o
 .debug_macro   0x000000dd      0xacc src/firmware.o
 .debug_macro   0x00000ba9       0x22 src/firmware.o
 .debug_macro   0x00000bcb       0x56 src/firmware.o
 .debug_macro   0x00000c21       0x51 src/firmware.o
 .debug_macro   0x00000c72      0x103 src/firmware.o
 .debug_macro   0x00000d75       0x6a src/firmware.o
 .debug_macro   0x00000ddf      0x1df src/firmware.o
 .debug_macro   0x00000fbe       0x22 src/firmware.o
 .debug_macro   0x00000fe0      0x100 src/firmware.o
 .debug_macro   0x000010e0       0x76 src/firmware.o
 .debug_macro   0x00001156      0x280 src/firmware.o
 .debug_macro   0x000013d6       0x76 src/firmware.o
 .debug_macro   0x0000144c      0x37e src/firmware.o
 .debug_macro   0x000017ca       0xca src/firmware.o
 .debug_macro   0x00001894       0x28 src/firmware.o
 .debug_macro   0x000018bc      0x146 src/core/system.o
 .debug_macro   0x00001a02       0x1c src/core/system.o
 .debug_macro   0x00001a1e       0xe8 src/core/system.o
 .debug_macro   0x00001b06       0x8e src/core/system.o
 .debug_macro   0x00001b94       0x46 src/core/system.o
 .debug_macro   0x00001bda      0xcea src/core/system.o
 .debug_macro   0x000028c4       0x6f src/core/system.o
 .debug_macro   0x00002933       0x6e src/core/system.o
 .debug_macro   0x000029a1      0x22c src/core/system.o
 .debug_macro   0x00002bcd      0x100 src/core/timer.o
 .debug_macro   0x00002ccd      0xf7d src/core/timer.o
 .debug_macro   0x00003c4a       0x52 src/core/timer.o
 .debug_macro   0x00003c9c       0xd1 ../libopencm3/lib/libopencm3_stm32f4.a(gpio_common_all.o)
 .debug_macro   0x00003d6d       0xd1 ../libopencm3/lib/libopencm3_stm32f4.a(gpio_common_f0234.o)
 .debug_macro   0x00003e3e       0xf0 ../libopencm3/lib/libopencm3_stm32f4.a(rcc_common_all.o)
 .debug_macro   0x00003f2e      0x124 ../libopencm3/lib/libopencm3_stm32f4.a(rcc.o)
 .debug_macro   0x00004052       0x16 ../libopencm3/lib/libopencm3_stm32f4.a(rcc.o)
 .debug_macro   0x00004068       0x1c ../libopencm3/lib/libopencm3_stm32f4.a(rcc.o)
 .debug_macro   0x00004084      0x143 ../libopencm3/lib/libopencm3_stm32f4.a(rcc.o)
 .debug_macro   0x000041c7       0x10 ../libopencm3/lib/libopencm3_stm32f4.a(rcc.o)
 .debug_macro   0x000041d7       0xf0 ../libopencm3/lib/libopencm3_stm32f4.a(timer_common_all.o)
 .debug_macro   0x000042c7       0xd3 ../libopencm3/lib/libopencm3_stm32f4.a(vector.o)
 .debug_macro   0x0000439a      0x452 ../libopencm3/lib/libopencm3_stm32f4.a(vector.o)
 .debug_macro   0x000047ec       0x92 ../libopencm3/lib/libopencm3_stm32f4.a(systick.o)
 .debug_macro   0x0000487e       0x69 ../libopencm3/lib/libopencm3_stm32f4.a(systick.o)
 .debug_macro   0x000048e7       0xd7 ../libopencm3/lib/libopencm3_stm32f4.a(flash_common_all.o)
 .debug_macro   0x000049be       0xd7 ../libopencm3/lib/libopencm3_stm32f4.a(flash_common_idcache.o)
 .debug_macro   0x00004a95       0xb8 ../libopencm3/lib/libopencm3_stm32f4.a(pwr.o)

.debug_line     0x00000000     0x4948
 .debug_line    0x00000000      0x3f7 src/firmware.o
 .debug_line    0x000003f7      0x490 src/core/system.o
 .debug_line    0x00000887      0x3bd src/core/timer.o
 .debug_line    0x00000c44      0x424 ../libopencm3/lib/libopencm3_stm32f4.a(gpio_common_all.o)
 .debug_line    0x00001068      0x4ff ../libopencm3/lib/libopencm3_stm32f4.a(gpio_common_f0234.o)
 .debug_line    0x00001567      0x4c2 ../libopencm3/lib/libopencm3_stm32f4.a(rcc_common_all.o)
 .debug_line    0x00001a29      0xb2b ../libopencm3/lib/libopencm3_stm32f4.a(rcc.o)
 .debug_line    0x00002554     0x110e ../libopencm3/lib/libopencm3_stm32f4.a(timer_common_all.o)
 .debug_line    0x00003662      0x458 ../libopencm3/lib/libopencm3_stm32f4.a(vector.o)
 .debug_line    0x00003aba      0x3ec ../libopencm3/lib/libopencm3_stm32f4.a(systick.o)
 .debug_line    0x00003ea6      0x3c4 ../libopencm3/lib/libopencm3_stm32f4.a(flash_common_all.o)
 .debug_line    0x0000426a      0x3dd ../libopencm3/lib/libopencm3_stm32f4.a(flash_common_idcache.o)
 .debug_line    0x00004647      0x301 ../libopencm3/lib/libopencm3_stm32f4.a(pwr.o)

.debug_str      0x00000000    0x13a90
 .debug_str     0x00000000    0x13a90 src/firmware.o
                               0x6776 (size before relaxing)
 .debug_str     0x00013a90     0xb883 src/core/system.o
 .debug_str     0x00013a90     0xd99e src/core/timer.o
 .debug_str     0x00013a90     0x6707 ../libopencm3/lib/libopencm3_stm32f4.a(gpio_common_all.o)
 .debug_str     0x00013a90     0x6729 ../libopencm3/lib/libopencm3_stm32f4.a(gpio_common_f0234.o)
 .debug_str     0x00013a90     0x9ac6 ../libopencm3/lib/libopencm3_stm32f4.a(rcc_common_all.o)
 .debug_str     0x00013a90     0xa33b ../libopencm3/lib/libopencm3_stm32f4.a(rcc.o)
 .debug_str     0x00013a90     0xdd6a ../libopencm3/lib/libopencm3_stm32f4.a(timer_common_all.o)
 .debug_str     0x00013a90     0x6fbc ../libopencm3/lib/libopencm3_stm32f4.a(vector.o)
 .debug_str     0x00013a90     0x461f ../libopencm3/lib/libopencm3_stm32f4.a(systick.o)
 .debug_str     0x00013a90     0x5a5e ../libopencm3/lib/libopencm3_stm32f4.a(flash_common_all.o)
 .debug_str     0x00013a90     0x5a80 ../libopencm3/lib/libopencm3_stm32f4.a(flash_common_idcache.o)
 .debug_str     0x00013a90     0x56da ../libopencm3/lib/libopencm3_stm32f4.a(pwr.o)

.comment        0x00000000       0x45
 .comment       0x00000000       0x45 src/firmware.o
                                 0x46 (size before relaxing)
 .comment       0x00000045       0x46 src/core/system.o
 .comment       0x00000045       0x46 src/core/timer.o
 .comment       0x00000045       0x46 ../libopencm3/lib/libopencm3_stm32f4.a(gpio_common_all.o)
 .comment       0x00000045       0x46 ../libopencm3/lib/libopencm3_stm32f4.a(gpio_common_f0234.o)
 .comment       0x00000045       0x46 ../libopencm3/lib/libopencm3_stm32f4.a(rcc_common_all.o)
 .comment       0x00000045       0x46 ../libopencm3/lib/libopencm3_stm32f4.a(rcc.o)
 .comment       0x00000045       0x46 ../libopencm3/lib/libopencm3_stm32f4.a(timer_common_all.o)
 .comment       0x00000045       0x46 ../libopencm3/lib/libopencm3_stm32f4.a(vector.o)
 .comment       0x00000045       0x46 ../libopencm3/lib/libopencm3_stm32f4.a(systick.o)
 .comment       0x00000045       0x46 ../libopencm3/lib/libopencm3_stm32f4.a(flash_common_all.o)
 .comment       0x00000045       0x46 ../libopencm3/lib/libopencm3_stm32f4.a(flash_common_idcache.o)
 .comment       0x00000045       0x46 ../libopencm3/lib/libopencm3_stm32f4.a(pwr.o)

.ARM.attributes
                0x00000000       0x34
 .ARM.attributes
                0x00000000       0x34 src/firmware.o
 .ARM.attributes
                0x00000034       0x34 src/core/system.o
 .ARM.attributes
                0x00000068       0x34 src/core/timer.o
 .ARM.attributes
                0x0000009c       0x34 ../libopencm3/lib/libopencm3_stm32f4.a(gpio_common_all.o)
 .ARM.attributes
                0x000000d0       0x34 ../libopencm3/lib/libopencm3_stm32f4.a(gpio_common_f0234.o)
 .ARM.attributes
                0x00000104       0x34 ../libopencm3/lib/libopencm3_stm32f4.a(rcc_common_all.o)
 .ARM.attributes
                0x00000138       0x34 ../libopencm3/lib/libopencm3_stm32f4.a(rcc.o)
 .ARM.attributes
                0x0000016c       0x34 ../libopencm3/lib/libopencm3_stm32f4.a(timer_common_all.o)
 .ARM.attributes
                0x000001a0       0x34 ../libopencm3/lib/libopencm3_stm32f4.a(vector.o)
 .ARM.attributes
                0x000001d4       0x34 ../libopencm3/lib/libopencm3_stm32f4.a(systick.o)
 .ARM.attributes
                0x00000208       0x34 ../libopencm3/lib/libopencm3_stm32f4.a(flash_common_all.o)
 .ARM.attributes
                0x0000023c       0x34 ../libopencm3/lib/libopencm3_stm32f4.a(flash_common_idcache.o)
 .ARM.attributes
                0x00000270       0x34 ../libopencm3/lib/libopencm3_stm32f4.a(pwr.o)

.debug_frame    0x00000000      0xbb0
 .debug_frame   0x00000000       0x40 src/firmware.o
 .debug_frame   0x00000040       0x54 src/core/system.o
 .debug_frame   0x00000094       0x3c src/core/timer.o
 .debug_frame   0x000000d0       0x80 ../libopencm3/lib/libopencm3_stm32f4.a(gpio_common_all.o)
 .debug_frame   0x00000150       0x70 ../libopencm3/lib/libopencm3_stm32f4.a(gpio_common_f0234.o)
 .debug_frame   0x000001c0       0xe0 ../libopencm3/lib/libopencm3_stm32f4.a(rcc_common_all.o)
 .debug_frame   0x000002a0      0x234 ../libopencm3/lib/libopencm3_stm32f4.a(rcc.o)
 .debug_frame   0x000004d4      0x4d8 ../libopencm3/lib/libopencm3_stm32f4.a(timer_common_all.o)
 .debug_frame   0x000009ac       0x4c ../libopencm3/lib/libopencm3_stm32f4.a(vector.o)
 .debug_frame   0x000009f8       0xd8 ../libopencm3/lib/libopencm3_stm32f4.a(systick.o)
 .debug_frame   0x00000ad0       0x50 ../libopencm3/lib/libopencm3_stm32f4.a(flash_common_all.o)
 .debug_frame   0x00000b20       0x70 ../libopencm3/lib/libopencm3_stm32f4.a(flash_common_idcache.o)
 .debug_frame   0x00000b90       0x20 ../libopencm3/lib/libopencm3_stm32f4.a(pwr.o)

Cross Reference Table

Symbol                                            File
__fini_array_end                                  ../libopencm3/lib/libopencm3_stm32f4.a(vector.o)
__fini_array_start                                ../libopencm3/lib/libopencm3_stm32f4.a(vector.o)
__init_array_end                                  ../libopencm3/lib/libopencm3_stm32f4.a(vector.o)
__init_array_start                                ../libopencm3/lib/libopencm3_stm32f4.a(vector.o)
__preinit_array_end                               ../libopencm3/lib/libopencm3_stm32f4.a(vector.o)
__preinit_array_start                             ../libopencm3/lib/libopencm3_stm32f4.a(vector.o)
_data                                             ../libopencm3/lib/libopencm3_stm32f4.a(vector.o)
_data_loadaddr                                    ../libopencm3/lib/libopencm3_stm32f4.a(vector.o)
_ebss                                             ../libopencm3/lib/libopencm3_stm32f4.a(vector.o)
_edata                                            ../libopencm3/lib/libopencm3_stm32f4.a(vector.o)
_stack                                            ../libopencm3/lib/libopencm3_stm32f4.a(vector.o)
adc_isr                                           ../libopencm3/lib/libopencm3_stm32f4.a(vector.o)
blocking_handler                                  ../libopencm3/lib/libopencm3_stm32f4.a(vector.o)
bus_fault_handler                                 ../libopencm3/lib/libopencm3_stm32f4.a(vector.o)
can1_rx0_isr                                      ../libopencm3/lib/libopencm3_stm32f4.a(vector.o)
can1_rx1_isr                                      ../libopencm3/lib/libopencm3_stm32f4.a(vector.o)
can1_sce_isr                                      ../libopencm3/lib/libopencm3_stm32f4.a(vector.o)
can1_tx_isr                                       ../libopencm3/lib/libopencm3_stm32f4.a(vector.o)
can2_rx0_isr                                      ../libopencm3/lib/libopencm3_stm32f4.a(vector.o)
can2_rx1_isr                                      ../libopencm3/lib/libopencm3_stm32f4.a(vector.o)
can2_sce_isr                                      ../libopencm3/lib/libopencm3_stm32f4.a(vector.o)
can2_tx_isr                                       ../libopencm3/lib/libopencm3_stm32f4.a(vector.o)
cryp_isr                                          ../libopencm3/lib/libopencm3_stm32f4.a(vector.o)
dcmi_isr                                          ../libopencm3/lib/libopencm3_stm32f4.a(vector.o)
debug_monitor_handler                             ../libopencm3/lib/libopencm3_stm32f4.a(vector.o)
dma1_stream0_isr                                  ../libopencm3/lib/libopencm3_stm32f4.a(vector.o)
dma1_stream1_isr                                  ../libopencm3/lib/libopencm3_stm32f4.a(vector.o)
dma1_stream2_isr                                  ../libopencm3/lib/libopencm3_stm32f4.a(vector.o)
dma1_stream3_isr                                  ../libopencm3/lib/libopencm3_stm32f4.a(vector.o)
dma1_stream4_isr                                  ../libopencm3/lib/libopencm3_stm32f4.a(vector.o)
dma1_stream5_isr                                  ../libopencm3/lib/libopencm3_stm32f4.a(vector.o)
dma1_stream6_isr                                  ../libopencm3/lib/libopencm3_stm32f4.a(vector.o)
dma1_stream7_isr                                  ../libopencm3/lib/libopencm3_stm32f4.a(vector.o)
dma2_stream0_isr                                  ../libopencm3/lib/libopencm3_stm32f4.a(vector.o)
dma2_stream1_isr                                  ../libopencm3/lib/libopencm3_stm32f4.a(vector.o)
dma2_stream2_isr                                  ../libopencm3/lib/libopencm3_stm32f4.a(vector.o)
dma2_stream3_isr                                  ../libopencm3/lib/libopencm3_stm32f4.a(vector.o)
dma2_stream4_isr                                  ../libopencm3/lib/libopencm3_stm32f4.a(vector.o)
dma2_stream5_isr                                  ../libopencm3/lib/libopencm3_stm32f4.a(vector.o)
dma2_stream6_isr                                  ../libopencm3/lib/libopencm3_stm32f4.a(vector.o)
dma2_stream7_isr                                  ../libopencm3/lib/libopencm3_stm32f4.a(vector.o)
dma2d_isr                                         ../libopencm3/lib/libopencm3_stm32f4.a(vector.o)
eth_isr                                           ../libopencm3/lib/libopencm3_stm32f4.a(vector.o)
eth_wkup_isr                                      ../libopencm3/lib/libopencm3_stm32f4.a(vector.o)
exti0_isr                                         ../libopencm3/lib/libopencm3_stm32f4.a(vector.o)
exti15_10_isr                                     ../libopencm3/lib/libopencm3_stm32f4.a(vector.o)
exti1_isr                                         ../libopencm3/lib/libopencm3_stm32f4.a(vector.o)
exti2_isr                                         ../libopencm3/lib/libopencm3_stm32f4.a(vector.o)
exti3_isr                                         ../libopencm3/lib/libopencm3_stm32f4.a(vector.o)
exti4_isr                                         ../libopencm3/lib/libopencm3_stm32f4.a(vector.o)
exti9_5_isr                                       ../libopencm3/lib/libopencm3_stm32f4.a(vector.o)
flash_dcache_disable                              ../libopencm3/lib/libopencm3_stm32f4.a(flash_common_idcache.o)
                                                  ../libopencm3/lib/libopencm3_stm32f4.a(rcc.o)
flash_dcache_enable                               ../libopencm3/lib/libopencm3_stm32f4.a(flash_common_idcache.o)
                                                  ../libopencm3/lib/libopencm3_stm32f4.a(rcc.o)
flash_dcache_reset                                ../libopencm3/lib/libopencm3_stm32f4.a(flash_common_idcache.o)
flash_icache_disable                              ../libopencm3/lib/libopencm3_stm32f4.a(flash_common_idcache.o)
                                                  ../libopencm3/lib/libopencm3_stm32f4.a(rcc.o)
flash_icache_enable                               ../libopencm3/lib/libopencm3_stm32f4.a(flash_common_idcache.o)
                                                  ../libopencm3/lib/libopencm3_stm32f4.a(rcc.o)
flash_icache_reset                                ../libopencm3/lib/libopencm3_stm32f4.a(flash_common_idcache.o)
flash_isr                                         ../libopencm3/lib/libopencm3_stm32f4.a(vector.o)
flash_prefetch_disable                            ../libopencm3/lib/libopencm3_stm32f4.a(flash_common_all.o)
flash_prefetch_enable                             ../libopencm3/lib/libopencm3_stm32f4.a(flash_common_all.o)
flash_set_ws                                      ../libopencm3/lib/libopencm3_stm32f4.a(flash_common_all.o)
                                                  ../libopencm3/lib/libopencm3_stm32f4.a(rcc.o)
flash_unlock_option_bytes                         ../libopencm3/lib/libopencm3_stm32f4.a(flash_common_all.o)
fpu_isr                                           ../libopencm3/lib/libopencm3_stm32f4.a(vector.o)
fsmc_isr                                          ../libopencm3/lib/libopencm3_stm32f4.a(vector.o)
gpio_clear                                        ../libopencm3/lib/libopencm3_stm32f4.a(gpio_common_all.o)
gpio_get                                          ../libopencm3/lib/libopencm3_stm32f4.a(gpio_common_all.o)
gpio_mode_setup                                   ../libopencm3/lib/libopencm3_stm32f4.a(gpio_common_f0234.o)
                                                  src/core/system.o
gpio_port_config_lock                             ../libopencm3/lib/libopencm3_stm32f4.a(gpio_common_all.o)
gpio_port_read                                    ../libopencm3/lib/libopencm3_stm32f4.a(gpio_common_all.o)
gpio_port_write                                   ../libopencm3/lib/libopencm3_stm32f4.a(gpio_common_all.o)
gpio_set                                          ../libopencm3/lib/libopencm3_stm32f4.a(gpio_common_all.o)
gpio_set_af                                       ../libopencm3/lib/libopencm3_stm32f4.a(gpio_common_f0234.o)
                                                  src/core/system.o
gpio_set_output_options                           ../libopencm3/lib/libopencm3_stm32f4.a(gpio_common_f0234.o)
gpio_toggle                                       ../libopencm3/lib/libopencm3_stm32f4.a(gpio_common_all.o)
                                                  src/firmware.o
hard_fault_handler                                ../libopencm3/lib/libopencm3_stm32f4.a(vector.o)
hash_rng_isr                                      ../libopencm3/lib/libopencm3_stm32f4.a(vector.o)
i2c1_er_isr                                       ../libopencm3/lib/libopencm3_stm32f4.a(vector.o)
i2c1_ev_isr                                       ../libopencm3/lib/libopencm3_stm32f4.a(vector.o)
i2c2_er_isr                                       ../libopencm3/lib/libopencm3_stm32f4.a(vector.o)
i2c2_ev_isr                                       ../libopencm3/lib/libopencm3_stm32f4.a(vector.o)
i2c3_er_isr                                       ../libopencm3/lib/libopencm3_stm32f4.a(vector.o)
i2c3_ev_isr                                       ../libopencm3/lib/libopencm3_stm32f4.a(vector.o)
lcd_tft_err_isr                                   ../libopencm3/lib/libopencm3_stm32f4.a(vector.o)
lcd_tft_isr                                       ../libopencm3/lib/libopencm3_stm32f4.a(vector.o)
main                                              src/firmware.o
                                                  ../libopencm3/lib/libopencm3_stm32f4.a(vector.o)
mem_manage_handler                                ../libopencm3/lib/libopencm3_stm32f4.a(vector.o)
nmi_handler                                       ../libopencm3/lib/libopencm3_stm32f4.a(vector.o)
null_handler                                      ../libopencm3/lib/libopencm3_stm32f4.a(vector.o)
nvic_wwdg_isr                                     ../libopencm3/lib/libopencm3_stm32f4.a(vector.o)
otg_fs_isr                                        ../libopencm3/lib/libopencm3_stm32f4.a(vector.o)
otg_hs_ep1_in_isr                                 ../libopencm3/lib/libopencm3_stm32f4.a(vector.o)
otg_hs_ep1_out_isr                                ../libopencm3/lib/libopencm3_stm32f4.a(vector.o)
otg_hs_isr                                        ../libopencm3/lib/libopencm3_stm32f4.a(vector.o)
otg_hs_wkup_isr                                   ../libopencm3/lib/libopencm3_stm32f4.a(vector.o)
pend_sv_handler                                   ../libopencm3/lib/libopencm3_stm32f4.a(vector.o)
pvd_isr                                           ../libopencm3/lib/libopencm3_stm32f4.a(vector.o)
pwr_set_vos_scale                                 ../libopencm3/lib/libopencm3_stm32f4.a(pwr.o)
                                                  ../libopencm3/lib/libopencm3_stm32f4.a(rcc.o)
rcc_ahb_frequency                                 ../libopencm3/lib/libopencm3_stm32f4.a(rcc.o)
rcc_apb1_frequency                                ../libopencm3/lib/libopencm3_stm32f4.a(rcc.o)
rcc_apb2_frequency                                ../libopencm3/lib/libopencm3_stm32f4.a(rcc.o)
rcc_clock_setup_hse_3v3                           ../libopencm3/lib/libopencm3_stm32f4.a(rcc.o)
rcc_clock_setup_pll                               ../libopencm3/lib/libopencm3_stm32f4.a(rcc.o)
                                                  src/core/system.o
rcc_css_disable                                   ../libopencm3/lib/libopencm3_stm32f4.a(rcc.o)
rcc_css_enable                                    ../libopencm3/lib/libopencm3_stm32f4.a(rcc.o)
rcc_css_int_clear                                 ../libopencm3/lib/libopencm3_stm32f4.a(rcc.o)
rcc_css_int_flag                                  ../libopencm3/lib/libopencm3_stm32f4.a(rcc.o)
rcc_get_div_from_hpre                             ../libopencm3/lib/libopencm3_stm32f4.a(rcc_common_all.o)
rcc_get_i2c_clk_freq                              ../libopencm3/lib/libopencm3_stm32f4.a(rcc.o)
rcc_get_spi_clk_freq                              ../libopencm3/lib/libopencm3_stm32f4.a(rcc.o)
rcc_get_timer_clk_freq                            ../libopencm3/lib/libopencm3_stm32f4.a(rcc.o)
rcc_get_usart_clk_freq                            ../libopencm3/lib/libopencm3_stm32f4.a(rcc.o)
rcc_hse_12mhz_3v3                                 ../libopencm3/lib/libopencm3_stm32f4.a(rcc.o)
rcc_hse_16mhz_3v3                                 ../libopencm3/lib/libopencm3_stm32f4.a(rcc.o)
rcc_hse_25mhz_3v3                                 ../libopencm3/lib/libopencm3_stm32f4.a(rcc.o)
rcc_hse_8mhz_3v3                                  ../libopencm3/lib/libopencm3_stm32f4.a(rcc.o)
rcc_hsi_configs                                   ../libopencm3/lib/libopencm3_stm32f4.a(rcc.o)
                                                  src/core/system.o
rcc_is_osc_ready                                  ../libopencm3/lib/libopencm3_stm32f4.a(rcc.o)
rcc_isr                                           ../libopencm3/lib/libopencm3_stm32f4.a(vector.o)
rcc_osc_bypass_disable                            ../libopencm3/lib/libopencm3_stm32f4.a(rcc_common_all.o)
rcc_osc_bypass_enable                             ../libopencm3/lib/libopencm3_stm32f4.a(rcc_common_all.o)
rcc_osc_off                                       ../libopencm3/lib/libopencm3_stm32f4.a(rcc.o)
rcc_osc_on                                        ../libopencm3/lib/libopencm3_stm32f4.a(rcc.o)
rcc_osc_ready_int_clear                           ../libopencm3/lib/libopencm3_stm32f4.a(rcc.o)
rcc_osc_ready_int_disable                         ../libopencm3/lib/libopencm3_stm32f4.a(rcc.o)
rcc_osc_ready_int_enable                          ../libopencm3/lib/libopencm3_stm32f4.a(rcc.o)
rcc_osc_ready_int_flag                            ../libopencm3/lib/libopencm3_stm32f4.a(rcc.o)
rcc_periph_clock_disable                          ../libopencm3/lib/libopencm3_stm32f4.a(rcc_common_all.o)
rcc_periph_clock_enable                           ../libopencm3/lib/libopencm3_stm32f4.a(rcc_common_all.o)
                                                  ../libopencm3/lib/libopencm3_stm32f4.a(rcc.o)
                                                  src/core/timer.o
                                                  src/core/system.o
rcc_periph_reset_hold                             ../libopencm3/lib/libopencm3_stm32f4.a(rcc_common_all.o)
rcc_periph_reset_pulse                            ../libopencm3/lib/libopencm3_stm32f4.a(rcc_common_all.o)
rcc_periph_reset_release                          ../libopencm3/lib/libopencm3_stm32f4.a(rcc_common_all.o)
rcc_peripheral_clear_reset                        ../libopencm3/lib/libopencm3_stm32f4.a(rcc_common_all.o)
rcc_peripheral_disable_clock                      ../libopencm3/lib/libopencm3_stm32f4.a(rcc_common_all.o)
rcc_peripheral_enable_clock                       ../libopencm3/lib/libopencm3_stm32f4.a(rcc_common_all.o)
rcc_peripheral_reset                              ../libopencm3/lib/libopencm3_stm32f4.a(rcc_common_all.o)
rcc_plli2s_config                                 ../libopencm3/lib/libopencm3_stm32f4.a(rcc.o)
rcc_pllsai_config                                 ../libopencm3/lib/libopencm3_stm32f4.a(rcc.o)
rcc_pllsai_postscalers                            ../libopencm3/lib/libopencm3_stm32f4.a(rcc.o)
rcc_set_hpre                                      ../libopencm3/lib/libopencm3_stm32f4.a(rcc.o)
rcc_set_main_pll_hse                              ../libopencm3/lib/libopencm3_stm32f4.a(rcc.o)
rcc_set_main_pll_hsi                              ../libopencm3/lib/libopencm3_stm32f4.a(rcc.o)
rcc_set_mco                                       ../libopencm3/lib/libopencm3_stm32f4.a(rcc_common_all.o)
rcc_set_pll_source                                ../libopencm3/lib/libopencm3_stm32f4.a(rcc.o)
rcc_set_ppre1                                     ../libopencm3/lib/libopencm3_stm32f4.a(rcc.o)
rcc_set_ppre2                                     ../libopencm3/lib/libopencm3_stm32f4.a(rcc.o)
rcc_set_rtcpre                                    ../libopencm3/lib/libopencm3_stm32f4.a(rcc.o)
rcc_set_sysclk_source                             ../libopencm3/lib/libopencm3_stm32f4.a(rcc.o)
rcc_system_clock_source                           ../libopencm3/lib/libopencm3_stm32f4.a(rcc.o)
rcc_wait_for_osc_ready                            ../libopencm3/lib/libopencm3_stm32f4.a(rcc.o)
rcc_wait_for_sysclk_status                        ../libopencm3/lib/libopencm3_stm32f4.a(rcc.o)
reset_handler                                     ../libopencm3/lib/libopencm3_stm32f4.a(vector.o)
rtc_alarm_isr                                     ../libopencm3/lib/libopencm3_stm32f4.a(vector.o)
rtc_wkup_isr                                      ../libopencm3/lib/libopencm3_stm32f4.a(vector.o)
sai1_isr                                          ../libopencm3/lib/libopencm3_stm32f4.a(vector.o)
sdio_isr                                          ../libopencm3/lib/libopencm3_stm32f4.a(vector.o)
spi1_isr                                          ../libopencm3/lib/libopencm3_stm32f4.a(vector.o)
spi2_isr                                          ../libopencm3/lib/libopencm3_stm32f4.a(vector.o)
spi3_isr                                          ../libopencm3/lib/libopencm3_stm32f4.a(vector.o)
spi4_isr                                          ../libopencm3/lib/libopencm3_stm32f4.a(vector.o)
spi5_isr                                          ../libopencm3/lib/libopencm3_stm32f4.a(vector.o)
spi6_isr                                          ../libopencm3/lib/libopencm3_stm32f4.a(vector.o)
sv_call_handler                                   ../libopencm3/lib/libopencm3_stm32f4.a(vector.o)
sys_tick_handler                                  src/core/system.o
system_get_ticks                                  src/core/system.o
                                                  src/firmware.o
system_setup                                      src/core/system.o
                                                  src/firmware.o
systick_clear                                     ../libopencm3/lib/libopencm3_stm32f4.a(systick.o)
systick_counter_disable                           ../libopencm3/lib/libopencm3_stm32f4.a(systick.o)
systick_counter_enable                            ../libopencm3/lib/libopencm3_stm32f4.a(systick.o)
                                                  src/core/system.o
systick_get_calib                                 ../libopencm3/lib/libopencm3_stm32f4.a(systick.o)
systick_get_countflag                             ../libopencm3/lib/libopencm3_stm32f4.a(systick.o)
systick_get_reload                                ../libopencm3/lib/libopencm3_stm32f4.a(systick.o)
systick_get_value                                 ../libopencm3/lib/libopencm3_stm32f4.a(systick.o)
systick_interrupt_disable                         ../libopencm3/lib/libopencm3_stm32f4.a(systick.o)
systick_interrupt_enable                          ../libopencm3/lib/libopencm3_stm32f4.a(systick.o)
                                                  src/core/system.o
systick_set_clocksource                           ../libopencm3/lib/libopencm3_stm32f4.a(systick.o)
systick_set_frequency                             ../libopencm3/lib/libopencm3_stm32f4.a(systick.o)
                                                  src/core/system.o
systick_set_reload                                ../libopencm3/lib/libopencm3_stm32f4.a(systick.o)
tamp_stamp_isr                                    ../libopencm3/lib/libopencm3_stm32f4.a(vector.o)
tim1_brk_tim9_isr                                 ../libopencm3/lib/libopencm3_stm32f4.a(vector.o)
tim1_cc_isr                                       ../libopencm3/lib/libopencm3_stm32f4.a(vector.o)
tim1_trg_com_tim11_isr                            ../libopencm3/lib/libopencm3_stm32f4.a(vector.o)
tim1_up_tim10_isr                                 ../libopencm3/lib/libopencm3_stm32f4.a(vector.o)
tim2_isr                                          ../libopencm3/lib/libopencm3_stm32f4.a(vector.o)
tim3_isr                                          ../libopencm3/lib/libopencm3_stm32f4.a(vector.o)
tim4_isr                                          ../libopencm3/lib/libopencm3_stm32f4.a(vector.o)
tim5_isr                                          ../libopencm3/lib/libopencm3_stm32f4.a(vector.o)
tim6_dac_isr                                      ../libopencm3/lib/libopencm3_stm32f4.a(vector.o)
tim7_isr                                          ../libopencm3/lib/libopencm3_stm32f4.a(vector.o)
tim8_brk_tim12_isr                                ../libopencm3/lib/libopencm3_stm32f4.a(vector.o)
tim8_cc_isr                                       ../libopencm3/lib/libopencm3_stm32f4.a(vector.o)
tim8_trg_com_tim14_isr                            ../libopencm3/lib/libopencm3_stm32f4.a(vector.o)
tim8_up_tim13_isr                                 ../libopencm3/lib/libopencm3_stm32f4.a(vector.o)
timer_clear_flag                                  ../libopencm3/lib/libopencm3_stm32f4.a(timer_common_all.o)
timer_continuous_mode                             ../libopencm3/lib/libopencm3_stm32f4.a(timer_common_all.o)
timer_direction_down                              ../libopencm3/lib/libopencm3_stm32f4.a(timer_common_all.o)
timer_direction_up                                ../libopencm3/lib/libopencm3_stm32f4.a(timer_common_all.o)
timer_disable_break                               ../libopencm3/lib/libopencm3_stm32f4.a(timer_common_all.o)
timer_disable_break_automatic_output              ../libopencm3/lib/libopencm3_stm32f4.a(timer_common_all.o)
timer_disable_break_main_output                   ../libopencm3/lib/libopencm3_stm32f4.a(timer_common_all.o)
timer_disable_compare_control_update_on_trigger   ../libopencm3/lib/libopencm3_stm32f4.a(timer_common_all.o)
timer_disable_counter                             ../libopencm3/lib/libopencm3_stm32f4.a(timer_common_all.o)
timer_disable_irq                                 ../libopencm3/lib/libopencm3_stm32f4.a(timer_common_all.o)
timer_disable_oc_clear                            ../libopencm3/lib/libopencm3_stm32f4.a(timer_common_all.o)
timer_disable_oc_output                           ../libopencm3/lib/libopencm3_stm32f4.a(timer_common_all.o)
timer_disable_oc_preload                          ../libopencm3/lib/libopencm3_stm32f4.a(timer_common_all.o)
timer_disable_preload                             ../libopencm3/lib/libopencm3_stm32f4.a(timer_common_all.o)
timer_disable_preload_complementry_enable_bits    ../libopencm3/lib/libopencm3_stm32f4.a(timer_common_all.o)
timer_disable_update_event                        ../libopencm3/lib/libopencm3_stm32f4.a(timer_common_all.o)
timer_enable_break                                ../libopencm3/lib/libopencm3_stm32f4.a(timer_common_all.o)
timer_enable_break_automatic_output               ../libopencm3/lib/libopencm3_stm32f4.a(timer_common_all.o)
timer_enable_break_main_output                    ../libopencm3/lib/libopencm3_stm32f4.a(timer_common_all.o)
timer_enable_compare_control_update_on_trigger    ../libopencm3/lib/libopencm3_stm32f4.a(timer_common_all.o)
timer_enable_counter                              ../libopencm3/lib/libopencm3_stm32f4.a(timer_common_all.o)
                                                  src/core/timer.o
timer_enable_irq                                  ../libopencm3/lib/libopencm3_stm32f4.a(timer_common_all.o)
timer_enable_oc_clear                             ../libopencm3/lib/libopencm3_stm32f4.a(timer_common_all.o)
timer_enable_oc_output                            ../libopencm3/lib/libopencm3_stm32f4.a(timer_common_all.o)
                                                  src/core/timer.o
timer_enable_oc_preload                           ../libopencm3/lib/libopencm3_stm32f4.a(timer_common_all.o)
timer_enable_preload                              ../libopencm3/lib/libopencm3_stm32f4.a(timer_common_all.o)
timer_enable_preload_complementry_enable_bits     ../libopencm3/lib/libopencm3_stm32f4.a(timer_common_all.o)
timer_enable_update_event                         ../libopencm3/lib/libopencm3_stm32f4.a(timer_common_all.o)
timer_generate_event                              ../libopencm3/lib/libopencm3_stm32f4.a(timer_common_all.o)
timer_get_counter                                 ../libopencm3/lib/libopencm3_stm32f4.a(timer_common_all.o)
timer_get_flag                                    ../libopencm3/lib/libopencm3_stm32f4.a(timer_common_all.o)
timer_ic_disable                                  ../libopencm3/lib/libopencm3_stm32f4.a(timer_common_all.o)
timer_ic_enable                                   ../libopencm3/lib/libopencm3_stm32f4.a(timer_common_all.o)
timer_ic_set_filter                               ../libopencm3/lib/libopencm3_stm32f4.a(timer_common_all.o)
timer_ic_set_input                                ../libopencm3/lib/libopencm3_stm32f4.a(timer_common_all.o)
timer_ic_set_prescaler                            ../libopencm3/lib/libopencm3_stm32f4.a(timer_common_all.o)
timer_interrupt_source                            ../libopencm3/lib/libopencm3_stm32f4.a(timer_common_all.o)
timer_one_shot_mode                               ../libopencm3/lib/libopencm3_stm32f4.a(timer_common_all.o)
timer_pwm_set_duty_cycle                          src/core/timer.o
                                                  src/firmware.o
timer_reset_output_idle_state                     ../libopencm3/lib/libopencm3_stm32f4.a(timer_common_all.o)
timer_set_alignment                               ../libopencm3/lib/libopencm3_stm32f4.a(timer_common_all.o)
timer_set_break_lock                              ../libopencm3/lib/libopencm3_stm32f4.a(timer_common_all.o)
timer_set_break_polarity_high                     ../libopencm3/lib/libopencm3_stm32f4.a(timer_common_all.o)
timer_set_break_polarity_low                      ../libopencm3/lib/libopencm3_stm32f4.a(timer_common_all.o)
timer_set_clock_division                          ../libopencm3/lib/libopencm3_stm32f4.a(timer_common_all.o)
timer_set_counter                                 ../libopencm3/lib/libopencm3_stm32f4.a(timer_common_all.o)
timer_set_deadtime                                ../libopencm3/lib/libopencm3_stm32f4.a(timer_common_all.o)
timer_set_disabled_off_state_in_idle_mode         ../libopencm3/lib/libopencm3_stm32f4.a(timer_common_all.o)
timer_set_disabled_off_state_in_run_mode          ../libopencm3/lib/libopencm3_stm32f4.a(timer_common_all.o)
timer_set_dma_on_compare_event                    ../libopencm3/lib/libopencm3_stm32f4.a(timer_common_all.o)
timer_set_dma_on_update_event                     ../libopencm3/lib/libopencm3_stm32f4.a(timer_common_all.o)
timer_set_enabled_off_state_in_idle_mode          ../libopencm3/lib/libopencm3_stm32f4.a(timer_common_all.o)
timer_set_enabled_off_state_in_run_mode           ../libopencm3/lib/libopencm3_stm32f4.a(timer_common_all.o)
timer_set_master_mode                             ../libopencm3/lib/libopencm3_stm32f4.a(timer_common_all.o)
timer_set_mode                                    ../libopencm3/lib/libopencm3_stm32f4.a(timer_common_all.o)
                                                  src/core/timer.o
timer_set_oc_fast_mode                            ../libopencm3/lib/libopencm3_stm32f4.a(timer_common_all.o)
timer_set_oc_idle_state_set                       ../libopencm3/lib/libopencm3_stm32f4.a(timer_common_all.o)
timer_set_oc_idle_state_unset                     ../libopencm3/lib/libopencm3_stm32f4.a(timer_common_all.o)
timer_set_oc_mode                                 ../libopencm3/lib/libopencm3_stm32f4.a(timer_common_all.o)
                                                  src/core/timer.o
timer_set_oc_polarity_high                        ../libopencm3/lib/libopencm3_stm32f4.a(timer_common_all.o)
timer_set_oc_polarity_low                         ../libopencm3/lib/libopencm3_stm32f4.a(timer_common_all.o)
timer_set_oc_slow_mode                            ../libopencm3/lib/libopencm3_stm32f4.a(timer_common_all.o)
timer_set_oc_value                                ../libopencm3/lib/libopencm3_stm32f4.a(timer_common_all.o)
                                                  src/core/timer.o
timer_set_output_idle_state                       ../libopencm3/lib/libopencm3_stm32f4.a(timer_common_all.o)
timer_set_period                                  ../libopencm3/lib/libopencm3_stm32f4.a(timer_common_all.o)
                                                  src/core/timer.o
timer_set_prescaler                               ../libopencm3/lib/libopencm3_stm32f4.a(timer_common_all.o)
                                                  src/core/timer.o
timer_set_repetition_counter                      ../libopencm3/lib/libopencm3_stm32f4.a(timer_common_all.o)
timer_set_ti1_ch1                                 ../libopencm3/lib/libopencm3_stm32f4.a(timer_common_all.o)
timer_set_ti1_ch123_xor                           ../libopencm3/lib/libopencm3_stm32f4.a(timer_common_all.o)
timer_setup                                       src/core/timer.o
                                                  src/firmware.o
timer_slave_set_extclockmode2                     ../libopencm3/lib/libopencm3_stm32f4.a(timer_common_all.o)
timer_slave_set_filter                            ../libopencm3/lib/libopencm3_stm32f4.a(timer_common_all.o)
timer_slave_set_mode                              ../libopencm3/lib/libopencm3_stm32f4.a(timer_common_all.o)
timer_slave_set_polarity                          ../libopencm3/lib/libopencm3_stm32f4.a(timer_common_all.o)
timer_slave_set_prescaler                         ../libopencm3/lib/libopencm3_stm32f4.a(timer_common_all.o)
timer_slave_set_trigger                           ../libopencm3/lib/libopencm3_stm32f4.a(timer_common_all.o)
timer_update_on_any                               ../libopencm3/lib/libopencm3_stm32f4.a(timer_common_all.o)
timer_update_on_overflow                          ../libopencm3/lib/libopencm3_stm32f4.a(timer_common_all.o)
uart4_isr                                         ../libopencm3/lib/libopencm3_stm32f4.a(vector.o)
uart5_isr                                         ../libopencm3/lib/libopencm3_stm32f4.a(vector.o)
uart7_isr                                         ../libopencm3/lib/libopencm3_stm32f4.a(vector.o)
uart8_isr                                         ../libopencm3/lib/libopencm3_stm32f4.a(vector.o)
usage_fault_handler                               ../libopencm3/lib/libopencm3_stm32f4.a(vector.o)
usart1_isr                                        ../libopencm3/lib/libopencm3_stm32f4.a(vector.o)
usart2_isr                                        ../libopencm3/lib/libopencm3_stm32f4.a(vector.o)
usart3_isr                                        ../libopencm3/lib/libopencm3_stm32f4.a(vector.o)
usart6_isr                                        ../libopencm3/lib/libopencm3_stm32f4.a(vector.o)
usb_fs_wkup_isr                                   ../libopencm3/lib/libopencm3_stm32f4.a(vector.o)
vector_table                                      ../libopencm3/lib/libopencm3_stm32f4.a(vector.o)
